border_size=1
usage=map

Gs^Fmf      , Gs^Fms      , Gs^Fms      , Gs^Fms      , Gs^Fms      , Gs^Fms      , Gs^Fms      , Gs^Fmf      , Gs^Fmf      , Gs^Fms      , Gs^Fds      , Gs^Fms      , Gs^Fms      , Gs^Fms      , Gg          , Gg          , Gs          , Gs          , Gg          , Gg          , Gs^Fp       , Gg          , Gg          , Gs^Fp       , Gg          , Gg          , Gs^Fp       , Gg          , Gg          , Gg          , Gg          , Gg          , Gg          , Gg          , Gg          , Hh^Fp       , Hh^Fp       , Hh          
Gs^Fms      , Gs^Fmf      , Gs^Fms      , Gs^Fms      , Gg^Ve       , Gs^Fms      , Gs^Fms      , Gs^Fmf      , Gs^Fms      , Gs^Fms      , Gs^Fms      , Gs^Fms      , Gg          , Gg          , Gs          , Gs          , Gs          , Gs          , Gs          , Gg          , Gs^Fp       , Gs^Fp       , Gg          , Gs^Fp       , Gs^Fp       , Gs^Fp       , Hh^Fp       , Gs^Fp       , Gg          , Gg          , Gg          , Gg          , Gs^Fp       , Gs^Fp       , Gs^Fp       , Hh^Fp       , Hh^Fp       , Hh          
Gs^Fp       , Gs^Fms      , Gs^Fms      , Gs^Fms      , Gs^Fms      , Gs^Fms      , Gs^Fms      , Gs^Fms      , Gs^Fms      , Gs^Fms      , Ss          , Gg          , Gg          , Gs          , Gs          , Gs^Vht      , Gs          , Gs          , Gs          , Gg          , Gg          , Gg          , Gg          , Gg          , Gs^Fp       , Hh^Fp       , Hh^Fp       , Gg          , Gs^Fp       , Gg          , Gs^Fp       , Gg          , Gg          , Hh^Fp       , Hh^Vo       , Gs^Fp       , Gg          , Gg          
Ss          , Gs^Fp       , Ss          , Gs^Fms      , Ss^Bw|      , Gs^Fms      , Ss          , Gs^Fms      , Ss          , Ss          , Ss          , Ss          , Gg          , Gs          , Gg          , Gs          , Gg          , Gg          , Gg          , Gs          , Gg          , Gg          , Gg          , Gg          , Gg          , Gs^Fp       , Gs^Fp       , Gs^Fp       , Gg          , Gg          , Gll^Fp      , Gs^Fp       , Hh^Fp       , Gg          , Hh^Fp       , Gs^Fp       , Gg          , Gs          
Ss          , Ss          , Ss          , Ss          , Ss^Bw|      , Ss          , Ss          , Ss          , Ss          , Ss          , Ss          , Ss          , Ss          , Gg          , Ss          , Gg          , Gs^Fms      , Gs^Fms      , Gs^Fms      , Gg          , Gs^Fms      , Gs^Fms      , Gs^Fms      , Gg          , Gs          , Gg          , Gg          , Gg          , Gs^Fp       , Gg          , Gg          , Gs^Fms      , Gs^Fp       , Hh^Fp       , Gs^Fp       , Gs^Fp       , Gg          , Gs          
Ss          , Ss^Vhs      , Ss          , Ss          , Gs          , Ss          , Ss          , Ss^Vhs      , Ss          , Ss          , Ss          , Ss          , Ss          , Ss          , Ss          , Ss          , Gs^Fms      , Gs^Fms      , Hh^Fmw      , Gs^Fms      , Hh^Fp       , Hh^Fp       , Gs^Fms      , Gg          , Gg          , Gs          , Gg          , Gs^Fp       , Gg          , Gg          , Gll^Fp      , Gg          , Gs^Fp       , Gs^Fp       , Gg          , Gg          , Gs          , Ds          
Ss          , Ss          , Gs          , Gs          , Rp          , Gs          , Ss          , Ss          , Ss          , Ss          , Ss          , Ss          , Ss          , Ss          , Gs^Fms      , Ss          , Gs^Fms      , Gs^Fms      , Gs^Fms      , Hh^Fmw      , Gs^Fms      , Hh^Fp       , Hh^Vo       , Gs^Fms      , Gs^Fms      , Gg          , Gg          , Gg          , Gg          , Gs^Fp       , Gg          , Gg          , Gg          , Gg          , Ds          , Gs          , Ds          , Ds          
Ss          , Ss          , Rp          , Rp          , Chr         , Rp          , Rp          , Gs          , Ss          , Ss          , Ss^Vhs      , Ss          , Ss          , Gs^Fms      , Gs^Fms      , Gs^Fms      , Gs^Fmf      , Gs^Fms      , Gs^Fdf      , Gs^Fmf      , Gs^Fmf      , Gs^Fms      , Gs^Fmf      , Hh^Fp       , Hh^Fp       , Gs^Fms      , Gs^Fms      , Gg          , Gg          , Gg          , Gs          , Gg          , Gs          , Ds          , Ds          , Gg          , Ds          , Hd          
Ss          , Gs          , Rp          , Ch          , 2 Kh        , Ch          , Rp          , Gs          , Ss          , Ss          , Ss          , Ss          , Ss          , Gs^Fms      , Gs^Fms      , Gs^Fms      , Gs^Fms      , Gs^Fdf      , Gg^Efm      , Gg^Efm      , Gg^Efm      , Gs^Fmf      , Gg          , Gs^Fms      , Gs^Fms      , Gs^Fms      , Hh^Fp       , Gs^Fms      , Gg          , Gs          , Gg          , Gs^Vht      , Gs          , Ds          , Gs          , Gs          , Ds          , Hd          
Ss          , Ss          , Rp          , Ch          , Ch          , Ch          , Rp          , Rd          , Rd          , Ss          , Gs          , Ss          , Ss          , Gs^Fms      , Gs^Fms      , Gs^Fms      , Gs^Fds      , Gs^Fms      , Gg^Efm      , Gg^Fet      , Gg^Efm      , Gg^Efm      , Gg          , Gg          , Gs^Fms      , Hh^Fp       , Hh^Fms      , Gs^Fms      , Ss          , Gs          , Gs          , Gg          , Gs          , Gs          , Gg          , Gg          , Gg          , Ds          
Ww          , Ss          , Ss^Vhs      , Rp          , Rp          , Rp          , Ss          , Rd          , Ss          , Rd          , Rd          , Gs          , Ss          , Gs^Fms      , Gs^Fms      , Gs^Fms      , Gg          , Gg          , Gg          , Gg^Efm      , Gs^Fms      , Gs^Fmf      , Gs^Fms      , Gs^Fms      , Hh^Fp       , Hh^Fms      , Hh^Fms      , Gs^Fms      , Ss          , Ds          , Ds          , Gs          , Gs          , Gs          , Gg          , Gs^Fp       , Gg          , Ds          
Ww          , Ss          , Ss          , Ss          , Ss          , Ss^Vhs      , Ss          , Rd          , Ss          , Ss          , Gs          , Rd          , Rd          , Gs^Fms      , Gs^Fms      , Gs^Fms      , Gg          , Gg^Ve       , Gs^Fms      , Gg          , Gg          , Gs^Fms      , Gs^Fms      , Gs^Fms      , Gs^Fms      , Hh^Fms      , Gs^Fms      , Gs^Fms      , Ss          , Ds          , Hd          , Ds          , Gs          , Gg          , Gs^Fmf      , Gs^Fmf      , Gs^Fp       , Gg          
Ww          , Ww          , Ww          , Ww          , Ww          , Ss          , Ss          , Rd          , Ss          , Ss^Vhs      , Ss          , Ss          , Gs^Fms      , Rd          , Gg^Efm      , Gg^Efm      , Gg^Efm      , Gs^Fms      , Gs^Fms      , Gg          , Gg          , Gs^Fms      , Gg          , Gs^Fms      , Gs^Fms      , Gs^Fms      , Hh^Fms      , Ss          , Hd          , Ds          , Ds          , Ds          , Gs          , Gg          , Gs^Fmf      , Gs^Fmf      , Gs^Fp       , Gg          
Wo          , Ww          , Ww          , Ww          , Ww          , Ww          , Ww          , Ww^Bw|      , Ww          , Ss          , Ss          , Ss          , Gs^Fms      , Gs^Fms      , Gg^Efm      , Gg^Fet      , Gg^Efm      , Gs^Fms      , Gs^Fms      , Gs^Fms      , Gs^Fms      , Gg^Ve       , Gg          , Gs^Fms      , Gs^Fms      , Hh^Fms      , Hh^Fms      , Ds          , Hd          , Ds          , Ds          , Gs          , Gs          , Gg          , Gg          , Gg          , Gg          , Gg          
Ww          , Wo          , Wo          , Wo          , Wo          , Ww          , Ww          , Ww^Bw|      , Ww          , Ww          , Ww          , Ss          , Gs^Fds      , Gs^Fms      , Gs^Fms      , Gg^Efm      , Gs^Fms      , Gg          , Gs^Fms      , Gs^Fmf      , Gs^Fdf      , Gs^Fms      , Gs^Fms      , Gs^Fms      , Hh^Fms      , Hh^Fms      , Ds          , Ds          , Ds          , Hd          , Ds          , Ds          , Gs          , Gs          , Gs          , Gg          , Gg          , Gs          
Ww          , Ww          , Ww          , Ww          , Wo          , Wo          , Wo          , Ww^Bw|      , Ww          , Ww          , Ww          , Ww          , Ww          , Gs^Fds      , Gs^Fds      , Gs^Fds      , Gs^Fds      , Gs^Fms      , Gs^Fms      , Gs^Fdf      , Gs^Fdf      , Gs^Fdf      , Gs^Fms      , Gs^Fms      , Gs^Fms      , Hh^Fms      , Ds          , Ds          , Hd          , Hd          , Hd          , Ds          , Gs          , Gs^Vht      , Gs          , Gg          , Gs          , Gs          
Ww          , Ww          , Ww          , Ww          , Ww          , Ww          , Wo          , Wo^Bw|      , Wo          , Ww          , Ww          , Ww          , Ww          , Ww          , Ww          , Ds          , Ds          , Gs^Fds      , Gs^Fds      , Gs^Fms      , Gs^Fms      , Gs^Fdf      , Gs^Fmf      , Gs^Fms      , Gs^Fms      , Hh^Fms      , Ds          , Hd          , Ww          , Ds          , Hd          , Ds          , Ds          , Gs          , 1 Gg        , Gs          , Gs          , Gs          
Gs          , Ww          , Ww          , Ww          , Ww          , Ww          , Ww          , Wo^Bw|      , Ww          , Wo          , Wo          , Ww          , Ww          , Ww          , Ww          , Ww          , Ww          , Ds          , Ww          , Gs^Fds      , Gs^Fds      , Gs^Fms      , Gs^Fds      , Gs^Fms      , Gs^Fds      , Hh^Fms      , Ds          , Hd          , Ww          , Ds          , Hd          , Ds          , Ds          , Gg          , Gg          , Gg          , Gg          , Gs          
Gs          , Gs          , Gs          , Wwf         , Wwf         , Wwf         , Wwf         , Ww^Bw|      , Wwf         , Ww          , Ww          , Wo          , Wo          , Ww          , Wo          , Ww          , Ww          , Ww          , Ww          , Ww          , Ww          , Gs^Fds      , Ww          , Gs^Fds      , Gs^Fds      , Gs^Fds      , Ds          , Ds          , Ww          , Ds          , Ds          , Ds          , Ds          , Gs          , Gs          , Gg          , Gg          , Gg          
Hh^Fdw      , Hh^Fdw      , Hh^Fdw      , Gs          , Gs          , Gs          , Gs          , Ww^Bw|      , Wwf         , Wwf         , Ww          , Ww          , Ww          , Wo          , Wo          , Wo          , Wo          , Ww          , Ww          , Ww          , Ww          , Ww          , Ww          , Ww          , Ww          , Ds          , Ww          , Ww          , Ww          , Ds          , Ds          , Ds          , Ds          , Ds          , Ds          , Ds          , Ds          , Gg          
Mm          , Mm          , Mm          , Hh^Fms      , Hh^Fms      , Hh^Fms      , Hh^Fms      , Rd          , Gs          , Wwf         , Wwf         , Ww          , Ww          , Ww          , Ww          , Ww          , Ww          , Wo          , Wo          , Wo          , Wo          , Ww          , Ww          , Ww          , Ww          , Ww          , Ww          , Ww          , Ww          , Ww          , Ww          , Ds          , Ww          , Ds          , Ww          , Ds          , Ww          , Ds          
Mm          , Mm          , Mm^Vhh      , Mm          , Hh^Fms      , Mm          , Mm          , Hh^Fms      , Hh^Fms      , Gs          , Gs          , Wwf         , Ww          , Ww          , Ww          , Ww          , Ww          , Ww          , Ww          , Wo          , Ww          , Wo          , Wo          , Wo          , Ww          , Ww          , Ww          , Ww          , Ww          , Ww          , Ww          , Ww          , Ww          , Ww          , Ww          , Ww          , Ww          , Ww          
Mm          , Mm          , Mm          , Mm          , Cud         , Mm          , Mm          , Mm          , Hh^Fms      , Gs          , Hh^Fms      , Gs          , Gs          , Ww          , Ww          , Ww          , Ww          , Ww          , Ww          , Ww          , Ww          , Ww          , Ww          , Wo          , Wo          , Wo          , Wo          , Wo          , Wo          , Ww          , Ww          , Ww          , Ww          , Ww          , Ww          , Ww          , Ww          , Ww          
Mm          , Mm          , Mm          , Mm          , 3 Kud       , Cud         , Mm          , Mm          , Mm^Vhh      , Hh^Fms      , Mm          , Hh^Fms      , Hh^Fms      , Gs          , Gs          , Gs          , Gs          , Ww          , Gs          , Ww          , Ww          , Ww          , Ww          , Ww          , Ww          , Wo          , Ww          , Wo          , Wo          , Wo          , Wo          , Ww          , Wo          , Wo          , Wo          , Ww          , Wo          , Ww          
Mm          , Mm          , Mm          , Mm          , Mm          , Mm          , Mm          , Mm          , Mm          , Mm          , Mm          , Mm          , Mm          , Hh^Fms      , Hh^Fms      , Hh^Fms      , Hh^Fms      , Gs          , Hh^Fms      , Gs          , Gs          , Ww          , Gs          , Ww          , Ww          , Ww          , Ww          , Ww          , Ww          , Wo          , Ww          , Wo          , Ww          , Wo          , Ww          , Wo          , Ww          , Wo          
Mm          , Mm          , Mm          , Mm          , Mm          , Mm          , Mm          , Mm          , Mm          , Mm          , Mm          , Mm          , Mm          , Mm          , Mm          , Mm          , Mm          , Hh^Fms      , Mm          , Hh^Fms      , Hh^Fms      , Gs          , Gs          , Gs          , Gs          , Ww          , Ww          , Ww          , Ww          , Ww          , Ww          , Ww          , Ww          , Ww          , Ww          , Ww          , Wo          , Ww          
