border_size=1
usage=map

Xu          , Xu          , Qxu         , Xu          , Xu          , Xu          , Xu          , Xu          , Xu          , Xu          , Xu          , Xu          , Xu          , Xu          , Xu          , Xu          , Xu          , Xu          , Xu          , Xu          , Xu          , Qxu         , Qxu         , Qxu         , Qxu         , Xu          , Rr          , Rr          , Rr          , Rr          , Qxu         , Qxu         , Qxu         , Qxu         , Qxu         , Qxu         , Qxu         , Qxu         , Qxu         
Xu          , Qxu         , Qxu         , Qxu         , Qxu         , Qxu         , Qxu         , Qxu         , Qxu         , Qxu         , Qxu         , Qxu         , Qxu         , Qxu         , Qxu         , Qxu         , Xu          , Rr          , Rr          , Rr          , Qxu         , Qxu         , Qxu         , Qxu         , Rr          , Rr          , Rr          , Rr          , Rr          , Qxu         , Qxu         , Ql          , Qxu         , Ql          , Ql          , Ql          , Ql          , Ql          , Ql          
Xu          , Qxu         , Uu^Vud      , Qxu         , Cud         , Qxu         , Cud         , Qxu         , Cud         , Cud         , Cud         , Cud         , Cud         , Ur          , Cud         , Ur          , Xu          , Cud         , Rr          , Rr          , Rr          , Qxu         , Qxu         , Qxu         , Qxu         , Qxu         , Qxu         , Rr          , Rr          , Rr          , Rr          , Qxu         , Rr          , Qxu         , Ql^Bs/      , Uu          , Ql          , Ql          , Ql          
Xu          , Qxu         , Qxu         , Uu          , Cud         , Cud         , Cud         , Cud         , Cud         , Uu^Vud      , Cud         , Cud         , Cud         , Ur          , Ur          , Ur          , Xu          , Cud         , Rr          , Rr          , Rr          , Rr          , Rr          , Rr          , Rr          , Qxu         , Qxu         , Qxu         , Rr          , Rr          , Rr          , Rr          , Rr          , Rr          , Rr          , Ql          , Qxu         , Ql          , Ql          
Xu          , Qxu         , Qxu         , Cud         , Cud         , Cud         , Cud         , Cud         , Qxu         , Cud         , Qxu         , Qxu         , Qxu         , Qxu         , Qxu         , Qxu         , Xu          , Rr          , Qxu         , Rr          , Rr          , Rr          , Rr          , Rr          , Rr          , Qxu         , Rr          , Rr          , Rr          , Rr          , Cud         , Cud         , Cud         , Rr          , Rr          , Ql          , Qxu         , Qxu         , Qxu         
Xu          , Qxu         , Cud         , Cud         , Uu^Vud      , Cud         , Qxu         , Qxu         , Ql          , Qxu         , Ql          , Qxu         , Ql          , Ql          , Qxu         , Xu          , Uu          , Xu          , Qxu         , Rr          , Qxu         , Rr          , Rr          , Rr^Vd       , Rr          , Rr          , Rr          , Rr          , Rr          , Rr          , Cud         , 2 Kud       , Cud         , Rr          , Rr          , Rr          , Rr          , Xu          , Xu          
Xu          , Qxu         , Qxu         , Cud         , Cud         , Cud         , Qxu         , Qxu         , Ql          , Ql          , Ql          , Ql          , Ql          , Ql          , Qxu         , Qxu         , Uu          , Xu          , Rr          , Qxu         , Qxu         , Rr          , Rr          , Rr          , Rr          , Rr          , Qxu         , Qxu         , Qxu         , Rr          , Rr          , Cud         , Rr          , Rr          , Rr          , Qxu         , Rr          , Rr          , Xu          
Xu          , Qxu         , Cud         , Cud         , Cud         , Cud         , Qxu         , Ql          , Ql          , Ql          , Ql          , Ql          , Ql          , Qxu         , Uu          , Uu          , Uu          , Xu          , Rr          , Rr          , Qxu         , Qxu         , Rr          , Rr          , Rr          , Rr          , Rr          , Qxu         , Rr          , Rr          , Rr          , Rr          , Rr          , Rr          , Qxu         , Qxu         , Rr          , Rr          , Xu          
Xu          , Qxu         , Qxu         , Cud         , Cud         , Cud         , Qxu         , Ql          , Qxu         , Ql          , Qxu         , Qxu         , Qxu         , Qxu         , Uu          , Uu^Vud      , Uu          , Xu          , Rr          , Rr          , Rr          , Qxu         , Qxu         , Rr          , Rr          , Rr          , Rr          , Rr          , Rr          , Rr          , Rr          , Rr          , Qxu         , Rr          , Rr          , Rr          , Rr          , Rr          , Qxu         
Xu          , Qxu         , Cud         , Cud         , Uu^Vud      , Cud         , Cud         , Qxu         , Qxu         , Qxu         , Cud         , Cud         , Cud         , Qxu         , Cud         , Uu          , Cud         , Xu          , Rr          , Rr          , Rr          , Qxu         , Qxu         , Rr          , Rr          , Rr          , Rr          , Rr^Vd       , Rr          , Rr          , Rr          , Qxu         , Qxu         , Qxu         , Rr          , Rr^Vd       , Rr          , Rr          , Qxu         
Xu          , Qxu         , Qxu         , Cud         , Cud         , Cud         , Cud         , Cud         , Cud         , Cud         , Uu^Vud      , Cud         , Cud         , Ur          , Ur          , Cud         , Cud         , Xu          , Rr          , Rr^Vd       , Rr          , Rr          , Qxu         , Rr          , Rr          , Rr          , Qxu         , Rr          , Qxu         , Rr          , Rr          , Rr          , Qxu         , Qxu         , Rr          , Rr          , Rr          , Rr          , Xu          
Xu          , Qxu         , Cud         , Cud         , Cud         , Cud         , Cud         , Cud         , Cud         , Cud         , Cud         , Cud         , Qxu         , Ur          , Xu          , Ur          , Kud         , Xu          , Rr          , Rr          , Rr          , Rr          , Qxu         , Qxu         , Rr          , Rr          , Qxu         , Qxu         , Qxu         , Rr          , Rr          , Qxu         , Rr          , Rr          , Rr          , Rr          , Rr          , Xu          , Xu          
Xu          , Qxu         , Qxu         , Cud         , Uu          , Cud         , Qxu         , Cud         , Qxu         , Qxu         , Qxu         , Qxu         , Xu          , Xu          , Ur          , Xu          , Xu          , Xu          , Xu          , Rr          , Rr          , Rr          , Rr          , Rr          , Rr          , Rr          , Rr          , Rr          , Rr          , Rr          , Rr          , Rr          , Rr          , Rr          , Xu          , Rr          , Xu          , Xu          , Qxu         
Xu          , Qxu         , Qxu         , Uu          , Uu^Vud      , Uu          , Uu          , Qxu         , Xu          , Xu          , Xu          , Xu          , Uu          , Ur          , Ur          , Ur          , Uh          , Uh          , Uh          , Xu          , Xu          , Rr          , Rr          , Rr          , Rr          , Rr          , Rr          , Rr          , Xu          , Rr          , Xu          , Rr          , Xu          , Xu          , Ss          , Xu          , Ss          , Qxu         , Qxu         
Xu          , Qxu         , Xu          , Uu          , Uu          , Uu          , Xu          , Xu          , Uu          , Uu          , Uu          , Uu          , Ur          , Ur          , Cud         , Ur          , Ur          , Uu          , Uu          , Uu          , Uu          , Xu          , Xu          , Rr          , Xu          , Rr          , Xu          , Xu          , Ss          , Xu          , Ss          , Xu          , Qxu         , Qxu         , Uu          , Ss          , Ss          , Ss          , Qxu         
Xu          , Xu          , Ss          , Xu          , Xu          , Uu          , Xu          , Uh          , Uu          , Uu^Vud      , Uu          , Uu          , Ur          , Ur          , Ur          , Ur          , Ur          , Uu          , Uu          , Uu^Vud      , Uu          , Uu          , Xu          , Xu          , Uu          , Xu          , Uu          , Ss          , Uu^Vud      , Ss          , Ss          , Ss          , Ss          , Uu          , Uu^Vud      , Uu          , Ss          , Ss          , Qxu         
Xu          , Ss          , Ss^Vm       , Ss          , Ur          , Xu          , Xu          , Uh          , Ur          , Uu          , Ur          , Ur          , Ur          , Ur          , Cud         , Ur          , Ur          , Ur          , Ur          , Uu          , Ur          , Uh          , Xu          , Uh          , Ur          , Uu          , Ur          , Uu          , Uu          , Uu          , Uu          , Uu          , Uu          , Uu          , Uu          , Uu          , Ss          , Qxu         , Qxu         
Xu          , Ss          , Ss          , Ss          , Ur          , Xu          , Ur          , Ur          , Cud         , Ur          , Ur          , Ur          , Ur          , Cud         , Uu          , Cud         , Ur          , Ur          , Ur          , Ur          , Cud         , Ur          , Ur          , Xu          , Ur          , Ur          , Ur          , Ur          , Ur          , Ur          , Ur          , Uu^Uf       , Uu          , Cud         , Cud         , 3 Kud       , Ss          , Ss          , Qxu         
Xu          , Ss          , Ss          , Ur          , Xu          , Xu          , Xu          , Ur          , Ur          , Ur          , Ur          , Ur          , Ur          , Cud         , Cud         , Cud         , Ur          , Ur          , Ur          , Ur          , Ur          , Ur          , Xu          , Xu          , Uu          , Ur          , Ur          , Ur          , Ur          , Ur          , Ur          , Ur          , Ur          , Ur          , Ur          , Cud         , Ss          , Ss          , Qxu         
Xu          , Ss          , Ur          , Ur          , Ss          , Ss          , Xu          , Uu          , Ur          , Ur          , Ur          , Ur          , Ur          , Ur          , Ur          , Ur          , Ur          , Ur          , Ur          , Ur          , Ur          , Uu          , Xu          , Xu          , Xu          , Uu          , Ur          , Ur          , Uu          , Ur          , Uu          , Ur          , Ur          , Ur          , Uu          , Ur          , Ur          , Ss          , Qxu         
Xu          , Ss          , Ur          , Ur          , Ss^Vm       , Ss          , Xu          , Uu          , Uu          , Ur          , Ur          , Ur          , Ur          , Ur          , Ur          , Ur          , Ur          , Ur          , Ur          , Ur          , Uu          , Uu          , Xu          , Qxu         , Xu          , Uu          , Ur          , Uu          , Xu          , Uu          , Xu          , Uu          , Uu          , Uu          , Uu^Uf       , Uu          , Ur          , Qxu         , Qxu         
Xu          , Ss          , Ur          , Ss          , Ur          , Ss          , Ur          , Xu          , Uu          , Ur          , Uu^Uf       , Ur          , Ur          , Ur          , Cud         , Ur          , Ur          , Ur          , Ur          , Uu          , Uu^Uf       , Xu          , Qxu         , Qxu         , Qxu         , Xu          , Xu          , Xu          , Uu          , Xu          , Uu          , Xu          , Xu          , Xu          , Uu          , Uu          , Qxu^Bs|     , Qxu         , Qxu         
Xu          , Ss          , Ur          , Ur          , Ur          , Ss          , Ur          , Xu          , Xu          , Uu          , Uu          , Ur          , Ur          , Ur          , Ur          , Ur          , Ur          , Ur          , Ur          , Uu          , Uu          , Xu          , Qxu         , Ss          , Qxu^Bs\     , Ss          , Uu          , Ur          , Uu^Vud      , Uu          , Ur          , Uu          , Uu          , Xu          , Qxu         , Qxu         , Ur          , Qxu         , Qxu         
Xu          , Xu          , Xu          , Ur          , Ur          , Ur          , Ur          , Ur          , Xu          , Uu          , Uu^Vud      , Uu          , Uu          , Ur          , Ur          , Ur          , Ur          , Ur          , Ur          , Ur          , Uu          , Xu          , Xu          , Qxu         , Ss          , Ss          , Uu          , Ur          , Ur          , Ur          , Cud         , Ur          , Uu          , Xu          , Uu          , Ur          , Uu          , Uu          , Qxu         
Ww          , Ww          , Chw         , 4 Khw       , Xu          , Ur          , Xu          , Uh          , Xu          , Uu          , Uu          , Uu          , Xu          , Uu          , Uu          , Uu          , Uu          , Ur          , Ur          , Ur          , Ur          , Uu          , Uu          , Xu          , Xu          , Xu          , Xu          , Uu          , Uu          , Ur          , Ur          , Ur          , Ss          , Xu          , Uu          , Ur          , Qxu         , Qxu         , Qxu         
Ww          , Ww          , Ww          , Chw         , Wwf         , Xu          , Ds          , Xu          , Ds          , Xu          , Xu          , Xu          , Uu          , Xu          , Xu          , Xu          , Xu          , Uu          , Ur          , Ur          , Ur          , Ur          , Ur          , Uu          , Uu          , Uu          , Uu          , Xu          , Xu          , Ss          , Ss          , Ss          , Qxu         , Xu          , Uu          , Ur          , Qxu         , Qxu         , Qxu         
Wo          , Ww          , Ww          , Ww          , Ww          , Wwf         , Ds          , Ds          , Dd^Vdt      , Ds          , Xu          , Qxu         , Qxu         , Wwf         , Ww          , Ss          , Xu          , Uu          , Uu          , Ur          , Ur          , Ur          , Ur          , Ur          , Ur          , Ur          , Ur          , Uu          , Uu          , Xu          , Xu          , Ss          , Qxu         , Xu          , Qxu         , Qxu^Bs|     , Qxu         , Qxu         , Xu          
Wo          , Wo          , Ww          , Ww^Vm       , Ww          , Wwf         , Rd          , Ds          , Ds          , Ds          , Ds          , Xu          , Xu          , Qxu         , Xu          , Ww          , Ww          , Xu          , Xu          , Uu          , Uu          , Ur          , Ur          , Ur          , Ur          , Ur          , 1 Ur        , Ur          , Ur          , Uu          , Uu          , Xu          , Xu          , Qxu         , Qxu         , Ur          , Uu          , Uu          , Xu          
Wo          , Wo          , Wo          , Ww          , Ww          , Wwf         , Ds          , Rd          , Rd          , Rd          , Rd          , Ds          , Ds          , Xu          , Chw         , Wwf         , Ww          , Ww          , Xu          , Uu          , Uu          , Ur          , Ur          , Ur          , Ur          , Ur          , Ur          , Ur          , Ur          , Ur          , Uu          , Uu          , Uu          , Xu          , Uu          , Ur          , Uu          , Uu          , Xu          
Wo          , Wo          , Ww          , Ww          , Ww          , Ds          , Dd^Vdt      , Ds          , Ds          , Ds          , Ds          , Rd          , Rd          , Rd          , Xu          , Wwf         , Ww          , Ww          , Ss          , Xu          , Uh          , Uu          , Uu          , Ur          , Ur          , Ur          , Ur          , Ur          , Ur          , Ur          , Uu          , Uu          , Uu          , Xu          , Uu          , Cud         , Uu          , Xu          , Xu          
Wo          , Wo          , Ww          , Ww          , Ds          , Ds          , Ds          , Ds          , Ds          , Ds          , Ds          , Ds          , Ds          , Ds          , Ds          , Xu          , Ss          , Wwf         , Ss          , Xu          , Xu          , Uh          , Xu          , Uu          , Uu          , Uu          , Uu          , Uu          , Uu          , Uu          , Uu          , Uu          , Xu          , Xu          , Ss          , Uu          , Ss          , Ss          , Xu          
Wo          , Ww          , Xu          , Xu          , Xu          , Xu          , Xu          , Xu          , Xu          , Xu          , Xu          , Xu          , Xu          , Xu          , Xu          , Xu          , Ss          , Ss          , Xu          , Xu          , Xu          , Xu          , Xu          , Xu          , Xu          , Xu          , Xu          , Xu          , Xu          , Xu          , Xu          , Xu          , Xu          , Xu          , Xu          , Xu          , Xu          , Xu          , Xu          
