border_size=1
usage=map

Gg          , Gs^Fmf      , Gs^Fmf      , Gg          , Gg          , Gs          , Gs          , Gs          , Gg          , Gs^Fp       , Gg          , Gg          , Gs^Fmf      , Gs^Fmf      , Gg          , Gg          , Gs          , Gs          , Gs          , Gg          , Gg          , Gs^Fmf      , Gs^Fmf      , Gs^Fmf      , Gs^Fmf      , Gg          , Gg          , Gg          , Gs^Fp       , Gs^Fmf      , Gs^Fmf      , Gs^Fmf      , Gs^Fp       , Gs^Fp       , Gg          
Gg          , Gs^Fmf      , Gg          , Gs^Fmf      , Gg          , Gg          , Gs          , Gs^Vht      , Gs          , Gg          , Gg          , Gs^Fmf      , Gs^Fmf      , Gg          , Gg          , Gs          , Gs          , Gs          , Gs          , Gs          , Gs          , Gg          , Gg          , Gs^Fmf      , Gg          , Gs^Fmf      , Gg          , Gg          , Gg          , Gg          , Gg          , Gg          , Gg          , Gg          , Gg          
Gg          , Gg          , Gg          , Gg          , Ce          , Gg          , Gg          , Gs          , Gs          , Ss          , Ss          , Gg          , Gg          , Gs^Fmf      , Gg          , Gs          , Gg          , Gg          , Gg          , Gg          , Gg          , Gs          , Ss          , Gg          , Ss          , Gg          , Ss          , Ss          , Ss          , Ss          , Gs          , Gs          , Ss          , Ss          , Ss          
Gg          , Gg          , Gg          , Ce          , 1 Ke        , Ce          , Gg          , Gs          , Gg          , Gg          , Gg          , Gg          , Gs          , Gg          , Gg          , Gs          , Gg          , Gs^Fmf      , Gs^Fmf      , Gs^Fp       , Gg          , Ss          , Ss          , Ss          , Ss          , Ss          , Ss          , Ss          , Gg          , Gs          , Gll^Fp      , Gs          , Gg          , Gg          , Gg          
Gg          , Gg          , Gg          , Ce          , Ce          , Ce          , Gg          , Gg          , Gs^Fp       , Gs^Fp       , Gs^Fp       , Gg          , Gs          , Gg          , Gg^Ve       , Gg          , Ss          , Gg          , Gg          , Gg          , Ss          , Ss          , Gs^Ft       , Gs^Ft       , Gs^Ft       , Ss          , Gs^Ft       , Gs^Ft       , Gg          , Gs^Fp       , Gs^Fp       , Gs^Fmf      , Gs^Fp       , Gs^Fp       , Gg          
Gg          , Gg          , Gg          , Gg          , Gg          , Gg          , Gg          , Gg          , Gs^Fp       , Gs^Fmf      , Gs^Fmf      , Gg          , Gg          , Gg          , Gg          , Gg          , Gg          , Ss          , Gg          , Gs          , Gs          , Ss          , Gg          , Gg^Ve       , Gg          , Gs^Ft       , Gg          , Gg          , Gg          , Gg          , Gg          , Gs^Fmf      , Gg          , Gs^Fp       , Gg          
Gg          , Ss          , Ss          , Ss          , Gs          , Gs          , Gg          , Gg          , Gg          , Gs^Fp       , Gg          , Gs^Fp       , Gg          , Gg          , Gs          , Gg          , Gg          , Gg          , Gs^Fmf      , Gg          , Gg          , Gg          , Gs          , Gg          , Ss          , Gg          , Gg          , Gg          , Gs          , Gg          , Gg          , Gg          , Gg^Ve       , Gg          , Gg          
Gg          , Gs          , Gs          , Gs          , Gg          , Gs          , Gg          , Gg          , Gg          , Gg          , Gg          , Gg          , Gg          , Gs          , Gs          , Gs          , Gg          , Gs^Fp       , Gs^Fp       , Gs^Fp       , Gg          , Gs          , Ss          , Ss          , Gg          , Gg          , Gg          , Ss          , Ss          , Ss          , Gg          , Gg          , Gg          , Gg          , Gs          
Gg          , Gg          , Gg          , Gg          , Gs^Fp       , Gg          , Gg          , Gg          , Gg^Ve       , Gg          , Gg          , Gg          , Gs^Fp       , Gg          , Gg          , Gs          , Gg          , Gg          , Gg          , Gg          , Gs          , Gs          , Gg          , Gg          , Gs^Fp       , Gs^Fmf      , Gs^Fmf      , Gg          , Gg          , Gg          , Gs^Fp       , Gs^Fp       , Gg          , Gs          , Gs          
Gs          , Gg          , Gg          , Gs^Fp       , Gs^Fmf      , Gs^Fp       , Gg          , Gg          , Gg          , Gg          , Gg          , Gs^Fp       , Gs^Fmf      , Gs^Fp       , Gg          , Gg          , Gg          , Gg          , Gg^Ve       , Gg          , Gg          , Gs          , Gg          , Gg          , Gs^Fp       , Gs^Fp       , Gg          , Gs^Fp       , Gg          , Gg          , Gg          , Gs^Fp       , Gg          , Gg          , Gs          
Gs          , Gg          , Gg          , Gs^Fmf      , Gs^Fp       , Gs^Fp       , Gg          , Gg          , Gs          , Gg          , Gg          , Gs^Fp       , Gg          , Gg          , Ss          , Ss          , Gg          , Gg          , Gg          , Gg          , Gs          , Gs          , Gs          , Gg          , Gg          , Gg          , Gg          , Gg          , Gg          , Gg          , Gs          , Gg          , Gs          , Gs          , Gs          
Gs          , Gs          , Gg          , Gg          , Gg          , Gg          , Ss          , Ss          , Ss          , Gg          , Gg          , Gs^Fp       , Gg          , Gs          , Ss          , Gg          , Gs^Fp       , Gg          , Gg          , Gg          , Gg          , Gs          , Gs          , Gg          , Gg          , Gg          , Gs^Fp       , Gg          , Gs^Fp       , Gg          , Gs          , Gs          , Gs          , Gs          , Ss          
Gg          , Gs          , Gg          , Gg          , Gg          , Gg          , Gs          , Ss          , Gs          , Ss          , Gg          , Gg          , Gg          , Ss          , Gg          , Gg          , Gs^Fp       , Gs^Fmf      , Gs^Fp       , Gg          , Gg          , Gs          , Gs          , Gg          , Gg          , Gs^Fp       , Gg          , Gs^Fmf      , Gs^Fp       , Gg          , Gg          , Gs          , Gs          , Ss          , Gs          
Gg          , Gg          , Gg          , Gg          , Gg^Ve       , Gg          , Gg          , Gg          , Gg          , Gs          , Gg          , Gg          , Gs^Fp       , Gg          , Gg          , Gg          , Gs^Fp       , Gs^Fmf      , Gg          , Gg          , Gg          , Gg          , Gg          , Gg          , Gg          , Gg          , Gg          , Gs^Fp       , Gg          , Gg          , Gg^Ve       , Gg          , Gs          , Gs          , Gs          
Gs^Fp       , Gs^Fp       , Gs^Fp       , Gg          , Gg          , Gg          , Gg          , Gs^Fp       , Gg          , Gg          , Gg          , Gs^Fp       , Gs^Fmf      , Gs^Fp       , Gg          , Gg          , Gg          , Gs^Fp       , Gg          , Gg          , Gg          , Ce          , Gg          , Gg          , Gg          , Ce          , Gg          , Gg          , Gg          , Gg          , Gg          , Gg          , Gs          , Gs          , Gs          
Gs^Fmf      , Gs^Fmf      , Gs^Fp       , Gg          , Gg          , Gg          , Gg          , Gs^Fp       , Gs^Fp       , Gg          , Gg          , Gg          , Gs^Fp       , Gs^Fp       , Gg          , Gs          , Ss          , Gg          , Gs          , Gg          , Gs          , Gs          , Ss          , Gs          , Gs          , Gs          , Gs          , Gs          , Gs          , Gg          , Gg          , Gs          , Ss          , Ss          , Gs          
Gs^Fmf      , Gs^Fmf      , Gs^Fmf      , Gs^Fp       , Gs^Fp       , Gg          , Gg          , Gs^Fp       , Gs^Fp       , Gg          , Gg          , Gg          , Gg          , Gg          , Gs          , Gs          , Gs          , Gs          , Ss          , Gs          , Ww          , Ww          , Ww          , Ww^Bw|      , Ww          , Ww          , Ww          , Gs          , Gs          , Gs          , Gs          , Gs          , Gs          , Ss          , Gs          
Gs^Fmf      , Gs^Fmf      , Gs^Fp       , Gs^Fmf      , Gs^Fp       , Gg          , Gg          , Gg          , Gg          , Gg          , Gg          , Ss          , Ss          , Gg          , Gg          , Gs          , Gs          , Gs          , Ss          , Ss          , Ww          , Ww          , Ww          , Ww^Bw|      , Wwf         , Ww          , Ww          , Ss          , Ss          , Gs          , Gs          , Gs          , Gs          , Gs          , Gs          
Gs^Fp       , Gs^Fp       , Gg          , Gs^Fp       , Gg          , Gg          , Gg          , Gg          , Gs^Fp       , Gg          , Gs^Fp       , Gg          , Gg          , Gg          , Gg          , Ce          , Gs          , Ss          , Ww          , Ww          , Ww          , Ww          , Wwf         , Ww^Bw|      , Wwf         , Ww          , Ww          , Ww          , Ww          , Gs          , Gs          , Ce          , Gs          , Gs          , Gg          
Gs^Fp       , Gs^Fp       , Gs^Fp       , Gg          , Gs^Fp       , Gs^Fp       , Gg          , Gs^Fp       , Gs^Fp       , Gs^Fp       , Gs^Fp       , Gg          , Gg          , Gg          , Gs          , Gs          , Ww          , Ww          , Wwt         , Ww          , Ww          , Wwf         , Wwf         , Ww^Bw|      , Ww          , Wwf         , Ww          , Ww          , Wwt         , Ww          , Ww          , Gs          , Gs          , Gs          , Gg          
Gs^Fmf      , Gs^Fp       , Gs^Fp       , Gg          , Gs^Fp       , Gs^Fp       , Gg          , Gs^Fp       , Gg          , Gs^Fp       , Gg          , Gg          , Gg          , Gg          , Ss          , Ww          , Ww          , Ww          , Wo          , Wwt         , Ww          , Ww          , Gs^Fds      , Ww^Bw|      , Gs^Fds      , Ww          , Ww          , Wwt         , Wwt         , Ww          , Ww          , Gs          , Gs          , Gg          , Gg          
Gs^Fmf      , Gs^Fmf      , Gs^Fp       , Gs^Fp       , Gs^Fp       , Gg          , Gg          , Gg          , Gg          , Gg^Ve       , Gg          , Gg          , Gs          , Gs          , Ss          , Ww          , Ww          , Wo          , Ww          , Ww          , Gs^Fds      , Gs^Fds      , Cv          , Gs^Fms      , Cv          , Gs^Fds      , Ww          , Ww          , Ww          , Ww          , Ww          , Wwf         , Ss          , Gs          , Gg          
Gs^Fmf      , Gs^Fmf      , Gs^Fmf      , Gs^Fp       , Gs^Fp       , Gs^Fp       , Gs^Fp       , Gg          , Gg          , Gg          , Gg          , Gg          , Gg          , Ss          , Ww          , Ww          , Ww          , Ww          , Ww          , Ww          , Ww          , Gs^Fds      , Cv          , Gs^Fms      , Cv          , Gs^Fds      , Gg^Ve       , Ww          , Wwf         , Wwf         , Wwf         , Wwf         , Ss          , Gg          , Gg          
Gs^Fmf      , Gs^Fmf      , Gs^Fmf      , Gs^Fmf      , Gs^Fmf      , Gs^Fp       , Gs^Fp       , Gg          , Gg          , Gs^Fp       , Gs^Fp       , Gg          , Gg          , Gs          , Ww          , Wwt         , Wwt         , Wwt         , Wwt         , Ww          , Gg^Ve       , Gs^Fms      , Ce          , Cv          , Ce          , Gs^Fms      , Gs^Fms      , Wwf         , Ww          , Wwf         , Ww          , Ww          , Ww          , Gg          , Gg          
Gs^Fp       , Gs^Fmf      , Gs^Fmf      , Gs^Fmf      , Gs^Fmf      , Gs^Fmf      , Gs^Fmf      , Gs^Fp       , Gs^Fp       , Gs^Fp       , Gs^Fmf      , Gs^Fp       , Gg          , Ss          , Ww          , Ww          , Wwt         , Wot         , Wwt         , Ww          , Ww          , Gs^Fms      , Ce          , 2 Ke        , Gs^Fms      , Gs^Fms      , Ww          , Ww          , Ww          , Ww          , Ww          , Ww          , Gg          , Gg          , Gg          
Gs^Fp       , Gs^Fp       , Gs^Fmf      , Gs^Fp       , Gs^Fp       , Gs^Fmf      , Gs^Fp       , Gs^Fp       , Gs^Fp       , Gs^Fmf      , Gs^Fmf      , Gs^Fp       , Gg          , Ww          , Ss          , Ww          , Ww          , Wwt         , Wwt         , Ww          , Wwt         , Gs^Ft       , Gs^Ft       , Gs^Fms      , Ww          , Ww          , Wwt         , Wwt         , Wwt         , Wwt         , Ww          , Ww          , Ss          , Gg          , Gg          
Gs^Fp       , Ggf         , Gs^Fmf      , Gg^Ve       , Ggf         , Gs^Fmf      , Gs^Fmf      , Ggf         , Ggf         , Gs^Fp       , Gs^Fp       , Gg          , Gg          , Gs          , Gg          , Ww          , Ss          , Ww          , Ww          , Wwt         , Wwt         , Wwt         , Wwt         , Ww          , Wwt         , Wwt         , Wot         , Wwt         , Ww          , Ww          , Ss          , Ss          , Gg          , Gg          , Gs^Fp       
Gs^Fp       , Ggf         , Gs^Fmf      , Gs^Fp       , Gs^Fp       , Gs^Fp       , Gs^Fmf      , Ggf         , Gs^Fp       , Ggf         , Gs^Fp       , Gg          , Gg          , Gg          , Gg          , Ss          , Ss          , Ww          , Ww          , Wwt         , Ww          , Wwt         , Wwt         , Wwt         , Wwt         , Wwt         , Wwt         , Wwt         , Ww          , Ss          , Gg          , Ss          , Gg          , Gs^Fp       , Gg          
Gs^Fp       , Gs^Fp       , Gg          , Gs^Fp       , Gs^Fmf      , Gs^Fmf      , Gs^Fp       , Gs^Fp       , Gs^Fp       , Gs^Fp       , Gg          , Gs^Fp       , Gs^Fp       , Gs^Fp       , Gg          , Ce          , Gg          , Ww          , Ss          , Ww          , Ww          , Ww          , Ww          , Ww          , Ww          , Ww          , Ww          , Ww          , Gg          , Gg          , Gs^Fp       , Ce          , Gs^Fp       , Gs^Fp       , Gg          
Gg          , Gg          , Gg          , Gg          , Gg          , Gs^Fmf      , Gg          , Gg          , Gg          , Gg          , Gs^Fp       , Gs^Fp       , Gs^Fmf      , Gs^Fp       , Gs^Fp       , Gg          , Gg          , Gg          , Gg          , Ss          , Ss          , Ss          , Ss          , Ss          , Ss          , Ss          , Gg          , Gg          , Gg          , Gs^Fp       , Gg          , Gg          , Gg          , Gg          , Gg          
