border_size=1
usage=map

Ds          , Ds          , Ds          , Ds          , Ds          , Dd^Dc       , Ds          , Ds          , Ss          , Ww          , Ss          , Ww          , Ss          , Ww          , Ss          , Ww          , Ss          , Dd          , Dd          , Ds          , Ds          , Ds          , Ds          , Rd          , Ds          , Gs          , Gs^Vht      , Gs          , Ss          , Ss          , Ww          , Ww          , Ss          , Gs^Vht      , Gs          , Gs          , Ds          , Ds          , Ds          , Ds          , Ds          , Gs          , Gg          , Gs^Fmw      , Gs^Fmw      , Gs^Fp       , Ggf         , Ggf         , Gs^Fp       , Gg          , Gg          , Gs^Fp       
Ds          , Ds          , Ss          , Ds          , Ss          , Ss          , Ss          , Ss          , Ss          , Ss          , Ds          , Ss          , Ds          , Ss          , Ds          , Ss          , Ds          , Ss          , Ss          , Dd          , Dd          , Ce          , Ds          , Rd          , Ds          , Gs          , Ss          , Ss          , Ss          , Ss          , Ww          , Ss          , Gs          , Gs          , Gs          , Gs          , Gs          , Gs          , Ds          , Ds          , Dd          , Gs          , Gs^Vht      , Gg          , Ce          , Gs^Fp       , Gg          , Gs^Fp       , Gs^Fmf      , Gs^Fmf      , Gg          , Gs^Fp       
Ss          , Ss          , Ss          , Ss          , Ds          , Ds          , Ds          , Ds          , Ds          , Ds          , Ds          , Ds          , Ds          , Ds          , Ds          , Ds          , Ds          , Ds          , Ds          , Ss          , Ss          , Ds          , Rd          , Rd          , Ss          , Ss          , Gs          , Gs          , Ss          , Gs^Ft       , Ww          , Ss          , Ds          , Gs          , Ds          , Gs          , Ds          , Ds          , Ds          , Ds          , Ds          , Gs          , Gs          , Gg          , Gs^Fmw      , Gs^Fmw      , Ce          , Gs^Fp       , Gs^Fp       , Gs^Fmf      , Gs^Fmf      , Gs^Fp       
Ss          , Ss          , Gs          , Ss          , Ds          , Ds          , Ds          , Ds          , Ds          , Ds          , Ds          , Ds          , Ds          , Ds          , Ds          , Ds          , Ds          , Ds          , Ds          , Ds          , Ds          , Ss          , Rd          , Ss          , Gs          , Gs          , Gs          , Gs          , Gs^Ft       , Gs^Ft       , Ww          , Gs^Ft       , Gs^Ft       , Ds          , Ds          , Gs          , Ds          , Dd^Vdt      , Ds          , Gs          , Gs          , Ds          , Gs          , Ce          , Gg          , Ce          , 3 Ke        , Ce          , Gs^Fp       , Gs^Fp       , Gs^Fp       , Gs^Fmf      
Gs          , Gs          , Ss          , Ss          , Ds          , Ds          , Ds          , Ds          , Dd^Vdt      , Ds          , Ds          , Ds          , Dd^Vdt      , Ds          , Ds          , Ds          , Dd^Vdt      , Ds          , Ds          , Ds          , Ds          , Rd          , Ds          , Ds          , Dd          , Ds          , Gs          , Gs          , Gs^Ft       , Gs^Ft       , Ww          , Gs^Ft       , Ds          , Ds          , Gs          , Gs          , Gs          , Ds          , Gs          , Gs          , Gs          , Ds          , Gs          , Ce          , Gs^Fmw      , Ce          , Ce          , Ce          , Gs^Fmf      , Gg^Ve       , Gs^Fms      , Gs^Fmf      
Gs          , Gs          , Ss          , Ds          , Ds          , Ds          , Ds          , Ds          , Ds          , Ds          , Ds          , Ds          , Ds          , Ds          , Ds          , Ds          , Ds          , Ds          , Ds          , Ds          , Rd          , Rd          , Ds          , Dd          , Dd^Vdt      , Dd          , Ds          , Ds          , Ds          , Gs^Ft       , Ww          , Gs^Ft       , Ds          , Ds          , Ds          , Gs          , Gs          , Gs          , Ds          , Gs          , Gs          , Gs          , Gg          , Ce          , Gg          , Gs^Fp       , Gs^Fmw      , Gs^Fp       , Gs^Fms      , Gs^Fp       , Gs^Fp       , Gs^Fmf      
Gs          , Gs          , Ss          , Ds          , Ds          , Ds          , Ds          , Ds          , Ds          , Ds          , Ds          , Ds          , Ds          , Ds          , Ds          , Ds          , Ds          , Ds          , Ds          , Ds          , Rd          , Ds          , Ds          , Ds          , Ds          , Ds          , Ds          , Ce          , Ds          , Gs^Ft       , Ww          , Ds          , Dd^Vda      , Ds          , Hd          , Ds          , Ds          , Ds          , Ds          , Gs          , Gs^Fdw      , Gg          , Gg          , Gs^Fmw      , Gs^Fp       , Gg          , Ce          , Ce          , Ce          , Gs^Fms      , Gs^Fp       , Gs^Fmf      
Gs          , Ss          , Ss          , Ds          , Ds          , Dd          , Ds          , Ds          , Ch          , Ds          , Ds          , Ds          , Ds          , Ds          , Ds          , Ds          , Ch          , Ds          , Ds          , Rd          , Ds          , Ds          , Ds          , Ds          , Ch          , Ds          , Dd          , Ds          , Ds          , Ww          , Gs^Ft       , Ds          , Ds          , Ds          , Hd          , Ds          , Gs          , Ds          , Gs          , Gs^Fdw      , Gg          , Gg          , Gg          , Ce          , Gs^Fmw      , Gs^Fmw      , Ce          , 2 Ke        , Ce          , Gs^Fp       , Gs^Fp       , Gs^Fp       
Gs          , Ss          , Ss          , Ds          , Ds          , Ds          , Rp          , Rp          , Rp          , Rp          , Rp          , Rp          , Rp          , Rp          , Rp          , Rp          , Rp          , Ds          , Rd          , Rd          , Ds          , Ds          , Ds          , Ds          , Ch          , Ds          , Dd          , Dd          , Ds          , Ww          , Gs^Ft       , Ds          , Gs^Ft       , Ds          , Ds          , Ds          , Gs          , Gs          , Gs^Fdw      , Gg          , Re^Gvs      , Re^Gvs      , Gg          , Gg          , Gs^Fdw      , Gs^Fp       , Gg          , Ce          , Gs^Fp       , Gs^Fp       , Gs^Fp       , Gg^Ve       
Ss          , Ss          , Ss          , Ds          , Ds          , Ds          , Rp          , Rp          , Rp          , Rp          , Rp          , Rp          , Rp          , Rp          , Rp          , Rp          , Rp          , Rp          , Rp          , Ds          , Ch          , Ds          , Ds          , Ds          , Ds          , Ds          , Ds          , Ds          , Ss          , Ww          , Gs^Ft       , Gs^Ft       , Gs^Ft       , Gs          , Gs          , Gs          , Gs          , Gs          , Gs          , Gg          , Gg          , Re^Gvs      , Gg          , Ce          , Gs^Fmw      , Gs^Fp       , Ce          , Gs^Fp       , Gs^Fp       , Gs^Fp       , Gs^Fp       , Gg          
Ss          , Ss          , Ww          , Ww          , Wwf         , Ds          , Ds          , Rp          , Rp          , Rp          , Rp          , Rp          , Rp          , Rp          , Rp          , Rp          , Rp          , Rp          , Rp          , Rp          , Rp          , Dd          , Ds          , Ds          , Ds          , Ds          , Ds          , Ce          , Ss          , Ww          , Gs^Ft       , Ds          , Ds          , Gs^Ft       , Gs          , Gs          , Ds          , Gs          , Ds          , Ds          , Ds          , Gg          , Gg          , Ce          , Gg          , Gs^Fp       , Gs^Fp       , Gs^Fp       , Gs^Fp       , Gs^Fp       , Gg          , Gg          
Gg          , Ss          , Ss          , Ww          , Wwf         , Ds          , Ds          , Ch          , Kh          , Rp          , Rp          , Rp          , Rp          , Rp          , Rp          , Rp          , Rp          , Rp          , Rp          , Rp          , Rp          , Rp          , Rp          , Ds          , Dd^Vdt      , Ds          , Ds          , Gs^Ft       , Ww          , Ww          , Dd^Vda      , Ds          , Ds          , Ds          , Gs          , Gs          , Ds          , Ds          , Ds          , Dd^Vdt      , Ds          , Gg          , Gg          , Ce          , Gg          , Gs^Fmw      , Ce          , 4 Ke        , Gs^Fms      , Gs^Fp       , Gs^Fp       , Gs^Fms      
Gg          , Ss          , Ss          , Ww          , Ds          , Ds          , Ds          , Ch          , Ch          , Ch          , Rp          , Rp          , Ch          , Ch          , Ch          , Rp          , Rp          , Rp          , Rp          , Rp          , Rp          , Rp          , Rp          , Ds          , Ds          , Ds          , Gs^Ft       , Gs^Ft       , Ww          , Gs^Ft       , Gs^Ft       , Ds          , Gs          , Gs          , Gs          , Ds          , Dd^Dc       , Ds          , Ds          , Ds          , Gs^Fdw      , Gg          , Gg          , Gg^Wm       , Gg          , Ce          , Ce          , Gs^Fmw      , Gs^Fmw      , Gs^Fms      , Gg          , Gs^Fms      
Gg          , Ss          , Gs^Ft       , Ww          , Ds          , Dd^Vdt      , Ds          , Rp          , Rp          , Rp          , Rp          , Rp          , Chr         , 1 Kh        , Ch          , Rp          , Rp          , Rp          , Rp          , Rp          , Rp          , Rp          , Ch          , Ds          , Ds          , Ds          , Gs^Ft       , Gs^Ft       , Ww          , Gs^Ft       , Ds          , Ds          , Gs          , Gs          , Ds          , Ds          , Ds          , Dd          , Gs^Fdw      , Gs^Fdw      , Gg          , Gg          , Ds          , Gg          , Ce          , Gg          , Re^Gvs      , Ce          , Gg          , Ce          , Gg          , Gs^Fms      
Gg          , Ss          , Gs^Ft       , Ds          , Ds          , Ds          , Ds          , Rp          , Rp          , Rp          , Rp          , Rp          , Rp          , Ch          , Rp          , Rp          , Rp          , Rp          , Rp          , Rp          , Rp          , Rp          , Ds          , Ds          , Ds          , Ds          , Gs^Ft       , Ww          , Gs^Ft       , Gs^Ft       , Ds          , Ds          , Gs          , Ds          , Ds          , Dd^Vdt      , Ds          , Dd          , Ds          , Gs^Fdw      , Gs^Fdw      , Gs^Fdw      , Ds          , Ds          , Gg          , Ce          , Ce          , Re^Gvs      , Gg          , Gg          , Gg          , Gs^Fmw      
Gs^Ft       , Gs^Ft       , Gs^Ft       , Gs^Ft       , Ds          , Ds          , Rd          , Ch          , Rp          , Rp          , Ch          , Rp          , Rp          , Rp          , Rp          , Rp          , Rp          , Rp          , Rp          , Rp          , Ds          , Ds          , Ds          , Ds          , Ds          , Gs^Ft       , Gs^Ft       , Ww          , Gs^Ft       , Ds          , Ds          , Gs          , Gs          , Ds          , Gs          , Ds          , Ds          , Ds          , Ds          , Gs^Fdw      , Ds          , Ds          , Dd^Vdt      , Ds          , Ds          , Ds          , Ds          , Ce          , Gg          , Gg^Vc       , Gg          , Gg          
Gg          , Gs^Ft       , Gs^Ft       , Gs^Ft       , Rd          , Rd          , Ds          , Ds          , Ds          , Rp          , Ch          , Kh          , Ch          , Rp          , Rp          , Rp          , Rp          , Rp          , Rp          , Ds          , Dd^Vdt      , Dd^Vdt      , Ds          , Ds          , Gs^Ft       , Gs^Ft       , Ww          , Ww          , Gs^Ft       , Dd^Vdt      , Ds          , Ds          , Gs          , Gs          , Gs          , Ds          , Ds          , Gs          , Gs          , Gs          , Gs          , Ds          , Ds          , Ds          , Ds          , Ds          , Gs          , Ds          , Gs^Fmw      , Gg          , Gg          , Gg          
Gg          , Gg          , Gg          , Gg          , Gg          , Gg          , Ds          , Ds          , Dd^Vdt      , Ds          , Ds          , Ch          , Rp          , Rp          , Rp          , Rp          , Rp          , Rp          , Rp          , Ds          , Ds          , Ds          , Gs          , Gs          , Gs          , Gs^Ft       , Ww          , Gs^Ft       , Ss          , Ds          , Ds          , Ds          , Ds          , Ds          , Ds          , Gs          , Gs          , Gs          , Gs          , Gs          , Gs          , Gs          , Gs          , Gs          , Gs          , Gs          , Gs          , Gs          , Gs^Fmw      , Gs^Fmw      , Gs^Fmw      , Gg          
Gg          , Rd          , Gg          , Gs          , Ds          , Gg          , Gg          , Ds          , Ds          , Ds          , Ds          , Ds          , Ds          , Rp          , Ch          , Rp          , Rp          , Rp          , Ch          , Ds          , Ds          , Ds          , Gs          , Gs          , Gs^Ft       , Gs^Ft       , Ss          , Ww          , Ww          , Ww          , Ss          , Ds          , Ds          , Ds          , Ds          , Ds          , Ds          , Ds          , Ds          , Ds          , Ds          , Ds          , Ds          , Ds          , Ds          , Ds          , Ds          , Gg          , Gg          , Gg          , Gg          , Gg          
Gg          , Gg          , Gg          , Ds          , Ds          , Ds          , Gg          , Gg          , Gg          , Ds          , Ds          , Ds          , Ds          , Ds          , Ds          , Rp          , Rp          , Rp          , Ds          , Ds          , Ds          , Ds          , Gs          , Gs          , Gs          , Ss          , Ss          , Ww          , Ww          , Ww          , Ww          , Gs^Ft       , Ww          , Ds          , Ww          , Ds          , Ds          , Ds          , Ds          , Ds          , Dd^Vda      , Ds          , Ds          , Ds          , Hd          , Ds          , Ds          , Gs          , Gs          , Gg          , Gs^Fmw      , Gg          
Gs^Fp       , Gg          , Gg^Vo       , Gg          , Gg          , Gg          , Ds          , Ds          , Gg          , Gg          , Gg          , Gg          , Gg          , Ds          , Ds          , Ds          , Ds          , Ds          , Ds          , Ds          , Ds          , Ds          , Gs          , Gs          , Gs          , Ss          , Gs          , Ss          , Ss          , Ss          , Ww          , Ww          , Ww          , Ww          , Ww          , Ww          , Ww          , Ss          , Ss          , Ds          , Ds          , Ds          , Ds          , Ds          , Hd          , Ds          , Gs          , Gs          , Gs^Vht      , Gs          , Gs^Fmw      , Gg          
Gs^Fp       , Gs^Fp       , Gs^Fp       , Gs^Fp       , Gg          , Ds          , Gg          , Ds          , Gg          , Gg          , Gg          , Re^Gvs      , Re^Gvs      , Gg          , Ds          , Ds          , Ds          , Ds          , Ds          , Ds          , Gg          , Gg          , Gg          , Gs          , Gs          , Gs          , Gs          , Ss          , Gs          , Ss          , Ss^Vhs      , Ww          , Wo          , Wo          , Wo          , Wo          , Ww          , Ss          , Ww          , Ss          , Ww          , Ds          , Ww          , Ds          , Ds          , Ds          , Ss          , Gs^Ft       , Gs^Ft       , Gs^Fmw      , Gs          , Gg          
Gs^Fp       , Gs^Fp       , Gs^Fmf      , Gs^Fp       , Gg          , Gg          , Gs^Fp       , Gg          , Gs^Fp       , Gg          , Gg          , Gg          , Gg          , Gg          , Gg          , Ds          , Gg          , Ds          , Gg          , Gg          , Gg          , Gg          , Gg          , Gg          , Gs          , Gs          , Gs          , Gs          , Gs          , Ss          , Ss          , Ww          , Wo          , Wo          , Wo          , Wo          , Wo          , Ww          , Wo          , Wo          , Wo          , Ww          , Wo          , Ww          , Ww          , Ww          , Ww          , Ss          , Ss          , Gs          , Gs          , Gs          
Gg          , Gs^Fp       , Gg          , Gg          , Gg          , Gg          , Gs^Fp       , Gs^Fp       , Gs^Fp       , Gg          , Gg^Vo       , Gg          , Gg          , Gg          , Gg          , Gg          , Gg          , Gg          , Gg          , Gg          , Gg          , Gg^Vo       , Gg          , Gg          , Gg          , Gs          , Gs^Ft       , Gs^Ft       , Ss          , Ss          , Ss          , Ww          , Ww          , Ww          , Ww          , Wo          , Wo          , Wo          , Wo          , Wo          , Wo          , Wo          , Wo          , Wo          , Wo          , Ww          , Ww          , Ww          , Ss          , Gs          , Gs          , Gs          
Gg          , Gg          , Gg          , Gg          , Gg          , Gg          , Gs^Fp       , Gs^Fp       , Gs^Fp       , Gg          , Gg          , Gg          , Gg          , Gg          , Gg          , Gg          , Gg          , Gg          , Gg          , Gg          , Ds          , Gg          , Ds          , Ds          , Gg          , Gg          , Gg          , Gg          , Gg          , Ss          , Ss          , Ss          , Ss          , Ss          , Ss          , Ww          , Ww          , Ww          , Wo          , Wo          , Wo          , Wo          , Wo          , Wo          , Ww          , Ww          , Gg          , Gg          , Gg          , Gg          , Gg          , Gg          
