border_size=1
usage=map

Gs^Fp       , Gs          , Gs^Fp       , Gs          , Gs^Fp       , Hh^Fp       , Hh^Fp       , Hh^Fp       , Hh^Fmw      , Hh^Fmw      , Gs^Fp       , Gs^Fp       , Gs^Fp       , Ss          , Ss          , Ss          , Gs^Fp       , Gs^Fp       , Gs^Fp       , Gs          , Gs          , Gg          , Gs^Fp       , Gs^Fp       , Gs^Fp       , Gs^Fp       , Gs^Fp       , Gs^Fp       
Gs^Fp       , Gs^Fp       , Gs^Fp       , Gs          , Gs^Fp       , Gs^Fp       , Gs^Fp       , Hh^Fp       , Hh^Fmw      , Hh^Vhh      , Gs^Fp       , Gs^Fmf      , Gs^Fmf      , Gs^Fp       , Ss          , Gs^Fp       , Gs^Fp       , Gs^Fp       , Gs^Fp       , Gs^Fp       , Gs          , Gs          , Gs^Fp       , Gs^Fp       , Gs^Fp       , 2 Kh        , Gs^Fp       , Gs^Fp       
Gs^Fp       , Gs^Fp       , Gs^Fp       , Gs          , Gs          , Gs^Fp       , Gs          , Gs^Fp       , Gs^Fp       , Gs^Fp       , Gs^Fp       , Gs^Fp       , Gs^Fp       , Gs^Fp       , Gs^Fp       , Ss          , Ss^Vhs      , Gs^Fp       , Gs          , Gs          , Gs          , Gs^Fp       , Gs^Fp       , Gs^Fp       , Gs^Fp       , Gs^Fp       , Gs^Fp       , Gs^Fp       
Gs^Fp       , Gs^Fmf      , Gs^Fmf      , Gs^Fp       , Gs^Fp       , Gs          , Gs^Fp       , Gs          , Gs          , Gs          , Gs          , Gs          , Gs          , Gs^Fp       , Gs          , Gs          , Gs^Fp       , Gs^Fp       , Gs          , Ss          , Gs          , Gs          , Ss          , Ss          , Gs^Fp       , Gs^Fp       , Gs^Fp       , Gs          
Gs^Fp       , Gs^Fp       , Gs^Fp       , Gs^Fp       , Gs^Fp       , Gs^Fp       , Gs^Fp       , Gs^Fp       , Gs^Fp       , Gs^Fp       , Gs          , Ss          , Ss          , Gs          , Gs          , Gs^Fp       , Gs^Fp       , Gs^Fp       , Gs          , Gs          , Gs^Fp       , Gs^Fp       , Gs^Fp       , Gs^Fp       , Gs^Fp       , Gs^Fp       , Hh^Fp       , Gs^Fp       
Gs^Fp       , Gs^Fp       , Gg^Ve       , Gs^Fp       , Gs^Fp       , Gs^Fp       , Gs^Fp       , Gs^Fmf      , Gs^Fp       , Gs^Fp       , Gs          , Gs^Fmw      , Gs          , Gs          , Gs          , Gs          , Gs          , Gs          , Gs^Fp       , Gs^Fp       , Ss          , Ss          , Gs^Fp       , Gs^Fp       , Gs^Fp       , Hh^Fp       , Gs^Fp       , Gs          
Gs^Fp       , Gs^Fp       , Gs^Fp       , Gs^Fp       , Gs^Fp       , Gs^Fp       , Gs^Fp       , Gs^Fp       , Gs          , Gs          , Gs          , Gs          , Gs^Fp       , Gs^Fp       , Gs^Fp       , Gs^Fp       , Gs^Fp       , Gs          , Gs^Fp       , Gs^Fp       , Ss          , Gs^Fp       , Gs^Fp       , Gs^Fp       , Gs^Fp       , Gs^Fp       , Gs^Fp       , Gs          
Gs^Fp       , Gs^Fp       , Gs^Fmf      , Gs^Fp       , Gs          , Gs          , Gs          , Gs          , Gs          , Gs^Fp       , Gs^Fp       , Gs^Fp       , Gs^Fp       , Gs^Fp       , Gs^Fp       , Gs^Fp       , Gs^Fp       , Gs^Fp       , Ss          , Gs^Fp       , Gs^Fp       , Gs^Fmf      , Gs^Fmf      , Gs^Fp       , Gs^Fp       , Gs^Fp       , Gs^Fp       , Gs          
Gs^Fp       , Gs^Fmf      , Gs^Fp       , Gs          , Ss          , Gs^Fmw      , Ss          , Gs          , Gs^Fp       , Gs^Fp       , Gs^Fmf      , Gs^Fp       , Gs^Fmf      , Gs^Fp       , Gs^Fp       , Gg^Ve       , Gs^Fp       , Gs^Fp       , Hh          , Ss          , Gs^Fp       , Gs^Fmf      , Gs^Fp       , Gs^Fp       , Gs          , Gs^Fp       , Gs^Fp       , Gs^Fp       
Gs^Fp       , Gs^Fp       , Gs          , Gs          , Gs^Fp       , Ss          , Gs^Fp       , Ss          , Gs^Fp       , Gs^Fp       , Gs^Fp       , Gs^Fmf      , Gs^Fp       , Gs^Fp       , Gs^Fp       , Gs^Fp       , Gs^Fp       , Gs^Fp       , Hh          , Ss          , Ss          , Ss          , Ss          , Gs          , Gs^Fmw      , Gs^Fp       , Hh          , Gs^Fp       
Gs^Fp       , Gs^Fp       , Gs^Fp       , Gs          , Gs^Fp       , Gs^Fp       , Gs^Fp       , Gs^Fp       , Gs^Fp       , Gs^Fp       , Gs^Fp       , Gs^Fp       , Gs^Fp       , Gs^Fp       , Gs^Fp       , Gs^Fp       , Gs^Fp       , Gs^Fp       , Gs^Fp       , Ss          , Gs^Fp       , Ss          , Ss          , Gs          , Gs^Fp       , Gs^Fp       , Hh          , Hh          
Gs^Fp       , Gs^Fp       , Gs          , Gs          , Gs^Vht      , Gs^Fp       , Gg^Fet      , Gs^Fp       , Gg          , Gs^Fp       , Gg          , Gg^Fet      , Gg          , Gg          , Gg          , Gg          , Gg^Fet      , Gs^Fp       , Gs^Fp       , Ss          , Ss          , Gs^Fp       , Gs^Fp       , Ss^Vhs      , Gs^Fp       , Hh          , Gs^Fp       , Hh          
Gs^Fp       , Gs          , Gs          , Gs^Fp       , Gs^Fp       , Gs^Fp       , Gs^Fp       , Gg          , Ggf         , Ggf         , Gg          , Gg          , Gg          , Ggf         , Ggf         , Gg          , Gg          , Gg          , Gs^Fp       , Gs^Fp       , Ss          , Gs^Fp       , Hh          , Gs^Fp       , Gs^Fp       , Gs^Fp       , Gs^Fp       , Gs^Fp       
Gs^Fp       , Gs          , Gs^Fp       , Gs^Fp       , Gg^Fet      , Gs^Fp       , Gg          , Gg          , Gg          , Ggf         , Gg          , Gg          , Gg          , Ggf         , Gg          , Gg          , Gg          , Gg          , Gg^Fet      , Gs^Fp       , Ss          , Gs^Fp       , Hh          , Hh          , Gs^Fp       , Ss          , Ss          , Ss          
Gs          , Gs          , Gs^Fp       , Gs^Fp       , Gs^Fp       , Gg          , Gg          , Ggf         , Ggf         , Gg          , Ggf         , Gg          , Ggf         , Gg          , Gg          , Gg          , Gg          , Gg          , Gs^Fp       , Gs^Fp       , Gs^Fp       , Ss          , Ss          , Gs^Fp       , Ss          , Ss          , Gs^Fp       , Gs^Fp       
Gs^Fp       , Gs^Fp       , Gs^Fp       , Gs^Fp       , Gg          , Gg          , Gg          , Ggf         , Gg          , Gg          , Ggf         , Ggf         , Ggf         , Ggf         , Ce          , 1 Ke        , Cv          , Gg          , Gg          , Gs^Fp       , Gs^Fp       , Gs          , Gs^Fp       , Ss          , Gs^Fp       , Gs^Fp       , Gs          , Gs^Fp       
Gs^Fp       , Gs^Fmf      , Gs^Fmf      , Gs^Fp       , Gs^Fp       , Gs^Fp       , Gs^Fp       , Gg          , Gg          , Gg          , Gg          , Ggf         , Gg          , Gg          , Gg          , Cv          , Gg          , Gg          , Gg          , Gs^Fp       , Gs^Fp       , Gs          , Gs          , Gs^Fp       , Gs^Fp       , Gs^Fp       , Gs^Fp       , Gg          
Gs^Fp       , Gs^Fp       , Gs^Fp       , Gs^Fp       , Gg^Fet      , Gg          , Gg          , Gg          , Gg          , Ggf         , Ggf         , Gg          , Gs^Fp       , Gg          , Gs^Fp       , Gg          , Gs^Fp       , Gg          , Gg^Fet      , Gs^Fp       , Gs^Fp       , Gs^Fp       , Gs^Fp       , Gs^Fp       , Gs^Fp       , Gg^Ve       , Gs^Fp       , Gs^Fp       
Gs^Fp       , Gs^Fp       , Gs^Fp       , Gs^Fp       , Gg          , Gg          , Gs^Fp       , Gg          , Gg^Wm       , Gg          , Gg          , Gg          , Gs^Fp       , Gs^Fp       , Gg^Wm       , Gg          , Gs^Fp       , Gg          , Gs^Fp       , Gs^Fp       , Gs^Fmf      , Gs^Fmf      , Gs^Fp       , Gs          , Gs^Fp       , Gg          , Gs^Fp       , Gs^Fp       
Gs^Fp       , Gs^Fp       , Gs^Fp       , Gg^Ve       , Gg          , Gs^Fp       , Gs^Fp       , Gs^Fp       , Gs^Fp       , Gs^Fp       , Gg          , Gs^Fp       , Gs^Fmf      , Gs^Fp       , Gs^Fp       , Gs^Fp       , Gg          , Gg          , Gs^Fp       , Gs^Fp       , Gs^Fp       , Gs^Fp       , Gs          , Gs          , Gs^Fp       , Gs^Fp       , Gs^Fp       , Gs^Fp       
Gs^Fp       , Gs^Fp       , Gs^Fp       , Gs^Fp       , Gs^Fp       , Gg          , Gs^Fp       , Gs^Fp       , Gs^Fp       , Gg          , Gg          , Gg          , Gs^Fp       , Gs^Fp       , Gg          , Gg          , Gs^Fp       , Gg^Ve       , Gs^Fp       , Gs^Fp       , Gs^Fp       , Gs          , Gs          , Gs^Fp       , Gs^Fmf      , Gs^Fp       , Gs^Fp       , Gs^Fp       
Gs^Fp       , Gs^Fp       , Gs^Fp       , Gs^Fp       , Gs^Fp       , Gs^Fp       , Gs^Fp       , Gg          , Gg          , Gg          , Gs^Fp       , Gs^Fp       , Gs^Fp       , Gs^Fp       , Gs^Fp       , Gs^Fp       , Gs^Fp       , Gs^Fp       , Gs^Fp       , Gs^Fp       , Gs^Fp       , Gs^Fp       , Gs^Fmf      , Gs^Fmf      , Gs^Fp       , Gs^Fmf      , Gs^Fp       , Gs^Fp       
