border_size=1
usage=map

Ha^Fpa      , Ha^Fpa      , Ha^Fpa      , Ha^Fpa      , Ha^Fpa      , Ms          , Ms          , Ms          , Ms          , Ms          , Ms          , Ms          , Ms          , Ms          , Ms^Xm       , Mm^Xm       , Ms          , Ha^Fpa      , Ai          , Ha^Fpa      , Ms          , Ms          , Ms          , Ms          , Ms^Xm       , Ms          , Mm          , Mm          , Hh          , Hh          , Gg          , Gg          , Gg          , Gg          , Gg          , Re          , Gg          
Ha^Fpa      , Ai          , Ai          , Ai          , Ha^Fma      , Ms          , Ha^Fma      , Ha          , Ms          , Ha^Fma      , Ha^Fma      , Ha^Fma      , Ms          , Ms          , Ms          , Ms          , Ms          , Ha^Fpa      , Ai          , Ha^Fpa      , Ce          , Ce          , Ce          , Ms          , Ms^Xm       , Ms          , Hh^Fmw      , Mm          , Hh          , Gg          , Gg          , Gg          , Re^Gvs      , Gg          , Gg          , Re          , Gg          
Ha^Fpa      , Ai          , Ss          , Aa^Fpa      , Coa         , Coa         , Coa         , Ha^Fma      , Ha^Fma      , Ha^Fma      , Aa^Fpa      , Ha^Fma      , Ha^Vdy      , Ha^Fma      , Ha          , Ai          , Ai          , Ai          , Ms          , Ms          , Ce          , 2 Ke        , Ce          , Ms^Xm       , Ms          , Ms          , Hh          , Hh^Vd       , Gg          , Gg          , Gs^Fp       , Gg          , Gg          , Re^Gvs      , Gg          , Re          , Gg          
Ai          , Ai          , Ss          , Gs^Fp       , Co          , 3 Ke        , Coa         , Ha^Fma      , Aa          , Aa          , Aa^Fpa      , Ha^Fpa      , Ha          , Ha          , Ai          , Ai          , Ha^Fpa      , Ha^Fpa      , Ha^Fma      , Ms          , Ha^Fma      , Ce          , Ms          , Ms^Xm       , Ms          , Hh          , Gg          , Gg          , Gs^Fp       , Gs^Fp       , Gs^Fmf      , Gg          , Gg          , Gg          , Gg          , Re          , Gg          
Ai          , Ss          , Ai          , Ss          , Ss          , Co          , Gs^Fp       , Aa^Fpa      , Ha^Fpa      , Gs          , Gs          , Aa^Fpa      , Aa^Fpa      , Ai          , Ha^Fpa      , Ha^Fpa      , Ha^Fma      , Ha^Fma      , Mm          , Ha^Fma      , Hh^Fmw      , Hh^Fmw      , Ha^Fma      , Ms          , Ha          , Hh          , Gg          , Gg          , Gs^Fp       , Gs^Fmf      , Gs^Fp       , Gs^Fp       , Gg          , Gg^Vc       , Gg          , Re          , Gg          
Ha^Fpa      , Ai          , Ha^Fpa      , Ai          , Ss          , Ss          , Ss          , Gll^Fp      , Gs          , Gs          , Aa^Fpa      , Aa^Fpa      , Ai          , Ai          , Hh          , Ha^Fma      , Aa          , Ha^Fma      , Mm          , Hh^Fdw      , Mm          , Mm          , Mm          , Ha          , Mm          , Hh^Fdw      , Hh^Fdw      , Gg          , Gg          , Gg          , Gg          , Gs^Fp       , Gg          , Gg          , Re          , Re          , Gg          
Ms          , Ha^Fpa      , Ha^Vdy      , Ai          , Ai          , Ss          , Ai          , Ss          , Ss          , Gs          , Ai          , Ai          , Mm          , Mm          , Hh^Vd       , Ha          , Ai          , Ai          , Hh          , Hh^Fmw      , Mm          , Mm^Xm       , Mm          , Mm          , Hh^Fdw      , Hh^Fdw      , Gg          , Gg          , Ss          , Gs^Fp       , Gs^Fp       , Gg          , Gg          , Gg          , Re          , Gg          , Gs          
Ms          , Ms          , Ha^Fpa      , Aa          , Aa          , Ai          , Ha          , Ai          , Ai          , Ss          , Ai          , Ha^Fpa      , Ha^Fma      , Mm          , Hh          , Ha          , Ai          , Aa          , Aa          , Hh          , Mm          , Mm          , Ss          , Ss          , Gg          , Gg          , Gg          , Gs^Fp       , Gs^Fp       , Ss          , Gs^Fp       , Gs^Fp       , Gg          , Gg          , Re          , Gg          , Gs          
Ms          , Ms          , Ha^Fpa      , Ha^Fpa      , Ha^Fpa      , Aa^Fma      , Ai          , Ms          , Aa^Fpa      , Gs          , Ss          , Ai          , Ai          , Ha^Fma      , Ha^Fpa      , Ai          , Aa          , Aa          , Ha          , Ha          , Mm          , Hh^Fmw      , Hh          , Gg          , Gg          , Gg^Vd       , Gg          , Gs^Fp       , Gg          , Ss          , Gg          , Gs^Fp       , Gg          , Gg          , Re          , Gg          , Gs          
Ms          , Ms          , Ms          , Ha^Fpa      , Aa^Fma      , Ha          , Ms          , Ms          , Aa^Fpa      , Gs          , Ss          , Ss          , Aa^Fda      , Ai          , Ai          , Ai          , Hh          , Hh          , Hh          , Ai          , Ai          , Ss          , Gg          , Gg          , Gs^Fp       , Gg          , Gs          , Gg          , Gs          , Gg          , Gs^Fp       , Gg          , Gg          , Gg          , Re          , Gg          , Gs          
Ms          , Ms          , Ms^Xm       , Ms          , Ms          , Ms          , Ms          , Ha^Fpa      , Hh          , Gg          , Gg          , Gs          , Aa^Fda      , Ha^Fma      , Ai          , Ha^Fma      , Ai          , Hh          , Ww          , Hh          , Ss          , Ss          , Ss          , Gs^Fp       , Gs^Fmf      , Gg          , Gg          , Gs          , Gs          , Gg          , Gs^Fmf      , Gs^Fp       , Gg          , Gg          , Re          , Gg          , Gs          
Ms          , Ms          , Ms^Xm       , Ms^Xm       , Mm^Xm       , Ms          , Mm          , Hh          , Hh^Vhhr     , Gg          , Gs^Fmw      , Gg          , Gg          , Ha^Fma      , Ha^Fma      , Ai          , Mm          , Ww          , Hh          , Ww          , Ww          , Ss          , Ww          , Gs^Fp       , Ww          , Gs^Fp       , Gg          , Gs          , Gs          , Gs          , Gs^Fp       , Gs^Fp       , Gg          , Re          , Gg          , Gg          , Gg          
Ms          , Ms          , Mm          , Mm          , Mm          , Mm^Xm       , Mm          , Hh          , Gg          , Gg          , Gs^Fmw      , Gs^Fmw      , Gg          , Gg          , Hh^Fdw      , Mm          , Mm^Vhh      , Mm          , Mm          , Hh          , Hh          , Ww          , Gs          , Ww          , Ss          , Ww          , Ww          , Gg          , Gs^Fp       , Gs^Fp       , Gs^Fp       , Gg          , Gg          , Re          , Gg          , Gg^Vc       , Gg          
Ms          , Ms          , Mm          , Mm          , Ha          , Mm          , Hh          , Hh          , Gg          , Gg          , Gg          , Gg          , Gg          , Gg          , Hh^Fdw      , Mm          , Mm          , Mm          , Hh          , Hh          , Gs          , Gs          , Gs          , Ss^Vhs      , Ss          , Ss          , Ss          , Ss          , Gs          , Gs^Fp       , Gg          , Gg          , Gg          , Re          , Gg          , Gg          , Gg          
Ms          , Ha          , Ha          , Ha          , Ai          , Ha          , Ds          , Ds          , Gg          , Ss          , Gg          , Hh          , Gg          , Hh          , Hh          , Hh          , Hh          , Hh          , Gs          , Gs          , Gs^Fmw      , Gs          , Gs          , Gs          , Gs          , Gs          , Ss          , Gs          , Gs^Fp       , Gg          , Gg          , Gg          , Gg          , Re          , Gg          , Gg          , Gs^Fp       
Ms          , Ha          , Mm          , Ai          , Ww          , Ww          , Hh^Fmw      , Gg          , Gs          , Ss          , Gg          , Hh          , Gg          , Hh          , Hh          , Gs          , Gs          , Gs          , Gs          , Gs          , Gs^Fp       , Gs^Fp       , Gs          , Gs          , Ss          , Ss^Bw\      , Gs          , Gs          , Gs          , Gg          , Ce          , Gg          , Gg          , Re          , Gg          , Gg          , Gs^Fmf      
Ms          , Mm          , Mm          , Ai          , Ss          , Ww          , Co          , Gg          , Gs          , Ss          , Ss          , Gg          , Gg^Vhs      , Gg          , Hh^Fp       , Gs          , Gs          , Gs          , Gs          , Gs          , Gs          , Gs          , Ss          , Gs          , Ss          , Ss          , Gs          , Gs          , Gs          , Ce          , 1 Ke        , Ce          , Gg          , Re          , Gg          , Gs^Fp       , Gs^Fmf      
Ms          , Mm          , Mm          , Mm          , Ss          , Co          , 4 Ke        , Co          , Ss          , Ss          , Ss          , Gg          , Gs          , Gg          , Gs          , Hh^Fp       , Gs          , Ss          , Ss          , Ss          , Ss^Vhs      , Ss          , Ss          , Ss          , Ss          , Gs          , Gs          , Gs          , Gs          , Ce          , Ce          , Ce          , Gg          , Re          , Gg          , Gg          , Gs^Fp       
Ms          , Mm          , Mm          , Mm          , Gs          , Co          , Co          , Co          , Ss          , Ss          , Gs          , Gs          , Gs          , Gs          , Ss          , Gs          , Ss          , Ss          , Ss          , Ss          , Ss          , Ss          , Ss          , Ss          , Ss          , Ss          , Ss          , Ss          , Gs          , Gs          , Gg          , Gg          , Re          , Re          , Gg          , Gg          , Gs^Fp       
Ha^Fpa      , Mm          , Hh^Vhhr     , Hh          , Hh^Fdw      , Hh          , Gs          , Gs          , Ss          , Ss          , Ss          , Ss          , Ss          , Ss          , Ss          , Ss          , Ss          , Ss          , Ss          , Ss          , Hh^Fms      , Ss          , Ss          , Ss          , Ss          , Ss^Vhs      , Ss          , Gs          , Gg          , Gg          , Re          , Re          , Gg          , Gg          , Gg          , Gg          , Gg          
Ha^Fpa      , Ha^Fpa      , Ha^Fpa      , Hh^Fdw      , Hh^Fmw      , Gs          , Ss          , Ss          , Ss          , Ss^Vhs      , Ss          , Ss          , Ss          , Ss          , Ss          , Ss^Vm       , Ss          , Ss          , Ss          , Ss          , Hh^Fms      , Hh^Fms      , Ss          , Ss          , Gs          , Ss          , Gs          , Gg          , Re          , Re          , Gg          , Gg          , Gg          , Gg^Vc       , Gg          , Gg          , Gs          
Aa          , Aa          , Aa          , Hh^Fmw      , Gs          , Gs          , Gs          , Gs          , Gs          , Gs          , Ss          , Ss          , Ss          , Ss          , Ss          , Ss          , Ss          , Ss          , Ss          , Hh^Fms      , Hh^Fms      , Hh^Fms      , Ss          , Ss          , Gs          , Gs          , Gs          , Gg          , Re          , Gg          , Gg          , Gg          , Gg          , Gg          , Gs          , Gs          , Gs          
