border_size=1
usage=map

Ms          , Ms          , Ms          , Ms          , Ai          , Ai          , Aa          , Aa          , Aa          , Aa          , Aa          , Aa          , Aa          , Aa^Fpa      , Aa^Fpa      , Aa^Fpa      , Rp          , Rp          , Rp          , Aa^Fpa      , Ha^Fpa      , Ms          , Ms          
Ms          , Ms          , Ha          , Ch          , Ai          , Ch          , Aa          , Ch          , Aa          , Ch          , Rp          , Ch          , Rp          , Ch          , Rp          , Rp          , Rp          , Rp          , Rp          , Rp          , Aa^Fpa      , Ms          , Ms          
Ms          , Ha^Voa      , Aa          , Aa          , Ai          , Ai          , Aa          , Aa          , Aa          , Rp          , Rp          , Rp          , Rp          , Rp          , Rp          , Rp          , Rp          , Rp          , Rp          , Aa          , Ha          , Ms          , Ms          
Ha          , Ha          , Aa          , Ch          , Ai          , Ai          , Aa          , Aa          , Rp          , Ch          , Rp          , Rp          , Rp          , Rp          , Ch          , Rp          , Rp          , Rp          , Aa          , Rp          , Ha          , Ms          , Ms          
Ha^Fpa      , Aa          , Aa          , Ai          , Ai          , Aa          , Aa          , Rp          , Rp          , Rp          , Rp          , Rp          , Rp          , Ch          , 2 Kh        , Ch          , Rp          , Rp          , Aa          , Aa          , Ha          , Ha^Fpa      , Ms          
Ha^Fpa      , Aa          , Ai          , Ch          , Aa          , Aa          , Rp          , Rp          , Rp          , 1 Ch        , Rp          , Rp          , Rp          , Ch          , Ch          , Ch          , Rp          , Rp          , Rp          , Ch          , Ha          , Ms          , Ms          
Aa          , Aa          , Ai          , Ai          , Aa          , Aa          , Aa          , Rp          , Rp          , Rp          , Rp          , Rp          , Rp          , Rp          , Rp          , Rp          , Rp          , Rp          , Aa          , Aa          , Ha          , Ha^Voa      , Ms          
Aa          , Aa          , Ai          , Ch          , Aa          , Aa          , Rp          , Rp          , Rp          , Ch          , Rp          , Rp          , Rp          , Rp          , Rp          , Rp          , Rp          , Rp          , Rp          , Ch          , Ha^Fpa      , Ms          , Ms          
Ai          , Ai          , Ai          , Ai          , Aa          , Aa          , Rp          , Rp          , Rp          , Rp          , Rp          , Rp          , Ch          , Rp          , Ch          , Rp          , Ch          , Rp          , Aa          , Aa          , Ha          , Ha^Fpa      , Ha^Fpa      
Ai          , Ai          , Aa          , Ch          , Rp          , Rp          , Rp          , Rp          , Rp          , Rp          , Rp          , Rp          , Rp          , Rp          , Rp          , Rp          , Rp          , Rp          , Aa          , Ch          , Ha^Fpa      , Ha^Fpa      , Ms          
Aa          , Aa          , Rp          , Rp          , Rp          , Rp          , Aa          , Aa          , Aa          , Aa          , Rp          , Rp          , Aa          , Rp          , Aa          , Aa          , Aa          , Aa          , Aa          , Ha          , Ha          , Ha^Fpa      , Ms          
Rp          , Rp          , Rp          , Rp          , Aa          , Aa          , Aa          , Aa          , Aa          , Aa          , Aa          , Aa          , Aa          , Aa          , Aa          , Aa          , Aa          , Aa          , Aa          , Ch          , Aa          , Ms          , Ms          
