border_size=1
usage=map

Ms          , Ha^Fma      , Gs          , Ha^Fma      , Ms          , Ms          , Ms          , Ha^Fpa      , Ms          , Ai          , Ms          , Ms          , Ms          , Ms          , Ms          , Ms          , Ms          , Ms          , Ms          , Ms          , Ms          , Ms          , Ms          , Ms          , Ha^Fda      , Ms          , Ms          , Ms          , Ms          , Ms          
Ms          , Ha^Fma      , Gs          , Ha^Fma      , Ha^Fma      , Ms          , Ms          , Ms          , Ai          , Ai          , Ms          , Ms          , Ms          , Ms          , Ms          , Ms          , Ms          , Ms          , Ms          , Ms          , Ms          , Ms          , Ms          , Ha^Fda      , Gs^Fdw      , Ha^Fda      , Ms          , Ms          , Ai          , Ms          
Hh^Fp       , Hh^Fmw      , Gs          , Gs          , Coa         , Ms          , Ms          , Ms          , Gs          , Ms          , Gs^Fp       , Ms          , Ha          , Ha^Voa      , Ms          , Ms          , Ms          , Ms          , Gs          , Ai          , Ms          , Ms^Vhha     , Ms          , Ha          , Gs^Fmw      , Ha^Fda      , Ms          , Ai          , Ai          , Ai          
Ms          , Ha^Fda      , Ha^Fpa      , Coa         , 2 Koa       , Coa         , Ha^Fpa      , Gs          , Hh^Fmw      , Aa^Fpa      , Gs          , Ha          , Aa          , Ha          , Ha^Fpa      , Ms          , Mm          , Gs          , Ms          , Mm          , Ms          , Aa          , Cea         , Cea         , Cea         , Ms          , Ha^Fpa      , Ms          , Ms          , Ms          
Ms          , Ms          , Ha^Fma      , Coa         , Coa         , Coa         , Hh^Fmw      , Ai          , Aa          , Gs          , Hh^Fmw      , Gs          , Ha^Fpa      , Gs          , Gs          , Ha^Fpa      , Hh^Fmw      , Ai          , Ha^Fpa      , Hh          , Hh          , Ha          , Cea         , 3 Ke        , Cea         , Ha^Fda      , Ha^Fda      , Ms          , Ha^Fpa      , Ha^Fpa      
Ms          , Ms          , Ms          , Ha^Fpa      , Ha^Fpa      , Ha^Fma      , Gs          , Gs          , Hh^Fmw      , Ha^Fma      , Gs^Fmw      , Ha^Fpa      , Aa          , Hh^Fmw      , Ha^Fpa      , Gs          , Aa          , Ai          , Ai          , Hh^Fmw      , Ha^Fpa      , Ha^Fpa      , Ha^Fpa      , Cea         , Mm          , Mm          , Ms          , Ms          , Ha^Fpa      , Ha^Fpa      
Ms          , Ms          , Ha^Voa      , Gs^Fp       , Ha^Fpa      , Ai          , Ha^Fma      , Hh^Fmw      , Mm          , Ms          , Ms^Vhha     , Ha^Fma      , Gs^Fdw      , Aa          , Aa          , Ha^Fpa      , Hh^Fmw      , Aa          , Ha^Fpa      , Gs          , Ha^Fda      , Ha^Fpa      , Ha^Fpa      , Ha^Fpa      , Ms          , Ha^Fma      , Ha^Fda      , Aa^Fma      , Aa^Fma      , Aa^Fma      
Ms^Xm       , Ms          , Ms          , Ms          , Ms          , Ai          , Ms          , Ms          , Ms^Xm       , Mm          , Ms          , Ms          , Gs          , Ha^Fpa      , Aa          , Ha          , Mm          , Ha^Fpa      , Ms          , Ai          , Ai          , Aa          , Aa          , Ha^Fpa      , Hh          , Ha^Voa      , Ai          , Ai          , Ai          , Ai          
Ms^Xm       , Ms^Xm       , Ms^Xm       , Ms^Xm       , Ms^Xm       , Ms          , Ms^Xm       , Ms^Xm       , Ms^Xm       , Ms          , Ha          , Gs          , Ms          , Hh^Fmw      , Hh^Fmw      , Aa          , Ms          , Ha^Fpa      , Aa          , Ha^Fpa      , Aa          , Gs          , Gs          , Ha          , Gs          , Ai          , Hh^Fmw      , Ha^Fpa      , Aa^Fma      , Aa^Fma      
Ms          , Ms^Xm       , Ms          , Ms          , Ms          , Ms^Xm       , Ms^Xm       , Ms^Xm       , Ms^Xm       , Ms          , Gs^Fp       , Ai          , Ha^Fpa      , Ha^Fpa      , Ha^Fpa      , Ha^Fpa      , Hh^Fmw      , Ha^Fpa      , Ha^Fpa      , Aa          , Aa          , Ai          , Ai          , Ai          , Ha^Fpa      , Hh^Fmw      , Mm          , Ha^Fpa      , Ha^Fpa      , Gs          
Ms          , Ms          , Ha^Fpa      , Aa^Vla      , Ha^Fma      , Ms          , Ms          , Ms^Xm       , Ms^Xm       , Ms^Xm       , Ha^Fpa      , Ai          , Ggf         , Ms          , Ha^Fpa      , Ha^Fpa      , Aa^Fpa      , Ha^Fpa      , Aa          , Aa          , Gs          , Ai          , Gs          , Ha          , Ha^Fpa      , Ms          , Ms          , Ms          , Ha^Fpa      , Ms          
Xuc         , Hh^Fp       , Ggf         , Ha^Fpa      , Ha^Fma      , Ha^Fpa      , Ms          , Ms^Xm       , Ms^Xm       , Ms          , Ha^Fpa      , Ai          , Ai          , Ha^Voa      , Hh^Fp       , Ms          , Aa^Fpa      , Aa          , Ai          , Ai          , Ms          , Ha^Fma      , Ha^Fma      , Gs          , Ha^Fpa      , Ms          , Ms          , Ha^Fma      , Ms          , Ms          
Xuc         , Hh^Fp       , Ggf         , Gg^Fet      , Uu          , Ha^Fma      , Xuc         , Ms^Xm       , Ms^Xm       , Ms          , Ggf         , Gg          , Ms          , Ms          , Hh^Fp       , Ha^Fpa      , Ms          , Ha^Fpa      , Ai          , Ha^Voa      , Ms          , Ms          , Ha^Fpa      , Gs          , Ai          , Mm          , Mm          , Ms          , Ha^Voa      , Ms          
Xuc         , Xuc         , Uu          , Ur          , Uu          , Xuc         , Xuc         , Ms^Xm       , Ms^Xm       , Ms          , Gs^Fmw      , Gg          , Ha^Fpa      , Ha^Fpa      , Ha^Fpa      , Ms          , Ha          , Ha          , Ai          , Rd          , Ha^Fpa      , Ha^Fpa      , Mm          , Gs^Fp       , Ai          , Hh          , Ha^Fma      , Ms          , Ha^Fma      , Ha^Fma      
Hh^Fp       , Xuc         , Aa          , Ggf         , Aa          , Uh          , Ms          , Ms^Xm       , Ms^Xm       , Ms          , Ha^Fpa      , Ai          , Hh^Fmw      , Ms          , Ms          , Ms          , Ha^Fma      , Ai          , Aa          , Aa^Fma      , Ha^Fpa      , Ms          , Ha          , Aa^Fpa      , Gs          , Ha          , Ha^Fma      , Ha^Fma      , Gs          , Aa^Fma      
Ms          , Hh^Fp       , Aa          , Ggf         , Aa          , Ha^Fpa      , Ms          , Ms          , Ms          , Ms          , Ha^Fpa      , Ai          , Gs          , Ms          , Ha          , Ha^Fma      , Ai          , Ai          , Aa          , Gs^Fp       , Gs^Fp       , Hh          , Ai          , Ai          , Ha^Fda      , Gs          , Aa^Fma      , Gs          , Aa^Fma      , Gs          
Ms          , Ha^Fpa      , Ha^Fpa      , Ggf         , Ha^Fpa      , Ha^Fma      , Ms          , Ms          , Ms^Xm       , Ms^Vhha     , Ms          , Hh^Fp       , Ha^Fpa      , Gs          , Ai          , Ai          , Aa          , Aa^Fma      , Ha          , Aa^Fpa      , Gs          , Gs          , Ha^Fda      , Ha^Fpa      , Ha^Fpa      , Ha^Fpa      , Ha^Fma      , Aa          , Ha^Fma      , Ha^Fma      
Ms          , Ha^Fpa      , Gs^Fp       , Aa^Fpa      , Ha^Fpa      , Ms          , Ms          , Ms^Xm       , Ms^Xm       , Ms^Xm       , Ms          , Ms          , Hh^Fmw      , Aa          , Aa          , Aa^Fma      , Aa^Fdw      , Ha^Fma      , Ha^Fpa      , Ha^Fpa      , Ha^Fpa      , Ha^Fma      , Mm          , Gs^Fdw      , Aa          , Ha^Fda      , Ha^Fma      , Ha^Fma      , Ms          , Ha^Fma      
Xuc         , Ha^Fpa      , Aa^Fpa      , Ggf         , Uh          , Xuc         , Xuc         , Ms^Xm       , Ms^Xm       , Ms^Xm       , Mm          , Ha^Fpa      , Ha^Fpa      , Aa          , Gs          , Aa          , Ha^Fpa      , Ha^Fpa      , Ms          , Ms          , Ms          , Ha          , Ha^Voa      , Gs^Fdw      , Gs          , Ha^Fma      , Ha^Fma      , Ms          , Ha^Fma      , Ms          
Xuc         , Xuc         , Uu          , Ur          , Uu          , Uu^Uf       , Xuc         , Ms^Xm       , Ms^Xm       , Ms^Xm       , Mm          , Hh^Fp       , Gs^Fdw      , Aa          , Ai          , Aa^Fpa      , Ha^Fda      , Ha^Fma      , Ms          , Ms          , Ha          , Ha          , Aa          , Ha          , Gs          , Aa          , Ai          , Ha^Fma      , Ai          , Ms          
Xuc         , Uu^Vud      , Uu          , Ur          , Ggf         , Uu          , Uh          , Xuc         , Ms          , Ms          , Ha^Fpa      , Hh^Fp       , Gs          , Ai          , Aa^Fpa      , Aa^Fma      , Aa          , Ha          , Ha          , Ha          , Aa          , Aa          , Aa          , Gs          , Gs          , Aa          , Aa          , Ai          , Aa          , Ha^Fma      
Xuc         , Xuc         , Aa^Fma      , Gs^Fp       , Ggf         , Gs^Fdw      , Gs^Fmw      , Ha^Fpa      , Aa^Fma      , Ha^Fpa      , Aa          , Aa^Fda      , Ai          , Ai          , Gg          , Aa^Fpa      , Gg          , Aa          , Aa          , Aa          , Gg          , Aa          , Gs          , Gs          , Cea         , Cea         , Cea         , Aa          , Gs          , Aa          
Ms          , Ha^Fpa      , Aa^Fma      , Ggf         , Aa^Fpa      , Gs^Fmw      , Ha^Fpa      , Gs          , Ha^Fpa      , Gs          , Gs^Fdw      , Gs          , Aa^Fma      , Aa^Fda      , Aa          , Gg          , Aa^Fpa      , Gg          , Ggf         , Ggf         , Gg          , Aa          , Aa          , Aa          , Cea         , 1 Ke        , Cea         , Gs          , Gs          , Aa          
Ms          , Ha^Fma      , Aa^Fma      , Ggf         , Aa^Fpa      , Gs^Fp       , Gs^Fp       , Gs^Fp       , Aa^Fpa      , Aa^Fpa      , Gs^Fmw      , Ai          , Ai          , Aa^Vca      , Aa^Fpa      , Aa^Fpa      , Ha^Fma      , Aa          , Aa^Fpa      , Aa          , Aa^Fpa      , Ha^Fma      , Ha^Fpa      , Aa          , Aa          , Cea         , Aa          , Aa          , Aa          , Gs          
Ms          , Ha^Fma      , Ha^Fma      , Ha^Fma      , Ha^Fpa      , Ha^Fma      , Ha^Fpa      , Ha^Fma      , Ha^Fma      , Ha^Fma      , Ha^Fma      , Aa^Fpa      , Ai          , Gs          , Aa^Fpa      , Ha^Fma      , Ha^Fma      , Ha^Fma      , Ha^Fma      , Ha^Fma      , Ha^Fma      , Ha^Fma      , Ha^Fma      , Ha^Fma      , Ha^Fma      , Ha^Fma      , Ha^Fma      , Aa          , Ha^Fma      , Aa          
Ms          , Ms          , Ms          , Ms          , Ms          , Ms          , Ms          , Ms          , Ms          , Ms          , Ha^Fma      , Aa^Fpa      , Ai          , Aa^Fpa      , Ha^Fma      , Ha^Fma      , Ms          , Ms          , Ms          , Ms          , Ms          , Ha^Fma      , Ms          , Ms          , Ms          , Ms          , Ms          , Ha^Fma      , Ms          , Ha^Fma      
