border_size=1
usage=map

Ms          , Ms          , Ms          , Ms          , Ha^Fpa      , Ha^Fpa      , Ha^Fpa      , Ha^Fpa      , Aa^Fpa      , Aa^Fpa      , Ai          , Aa          , Aa          , Mm          , Ha^Fpa      , Ms          , Ms          , Ms          , Ms          , Ms          , Ms          , Ms          , Ms          , Ms          , Ms          , Ms          
Ms          , Ms          , Ha^Fpa      , Ha^Fpa      , Aa^Fpa      , Aa^Fpa      , Aa^Fpa      , Aa^Fpa      , Ai          , Ai          , Ww          , Ai          , Ai          , Aa          , Aa          , Ha^Fpa      , Ha^Fpa      , Ms          , Ha^Fma      , Ha^Fma      , Ha^Fma      , Ha^Fma      , Ha^Fma      , Ms          , Ms          , Ms          
Ha^Fpa      , Ha^Fpa      , Aa^Fpa      , Aa^Fpa      , Ai          , Ai          , Ai          , Ai          , Ww          , Ww          , Wo          , Ww          , Aa          , Aa          , Rr          , Aa          , Aa          , Ha^Fpa      , Aa          , Aa          , Aa          , Ha^Fma      , Ha^Fma      , Ms          , Ms          , Ms          
Ha^Fpa      , Aa^Fpa      , Aa^Fpa      , Ai          , Ww          , Ww          , Ww          , Ww          , Wo          , Wo          , Ww          , Ww          , Aa          , Cv          , Cv          , Rr          , Rr          , Aa          , Aa          , Aa^Vhca     , Aa          , Ha^Fma      , Ha^Fma      , Ms          , Ms          , Ms          
Aa^Fpa      , Aa^Fpa      , Ww          , Ww          , Ai          , Ww          , Ww          , Ww          , Ww          , Ww          , Aa          , Aa          , Rr          , Rr          , Rr          , Cv          , Rr          , Aa          , Aa          , Aa          , Aa          , Ha^Fpa      , Ms          , Ms          , Ms          , Ms          
Ww          , Ww          , Aa^Fpa      , Aa^Fpa      , Aa^Fpa      , Ai          , Ai          , Ai          , Ai          , Aa          , Aa          , Cv          , Rr          , Rr          , Rr          , Rr          , Gg^Efm      , Rr          , Rr          , Aa          , Ha^Fda      , Ha^Fda      , Ms          , Ms          , Ms          , Ms          
Ha^Fma      , Ww          , Aa^Fpa      , Aa^Vea      , Aa^Fpa      , Aa^Fpa      , Ai          , Ai          , Aa          , Cv          , Rr          , Rr          , Rr          , Rr          , Cv          , Gg^Efm      , Gg^Efm      , Cv          , Rr          , Aa          , Aa          , Ha^Fda      , Ms          , Ms          , Ha^Fma      , Ms          
Ha^Fma      , Ha^Fpa      , Aa^Fpa      , Aa^Fpa      , Aa^Fpa      , Aa^Fpa      , Ai          , Cv          , Rr          , Aa          , Rr          , Rr          , Cv          , Gg^Efm      , Gg^Efmy     , Gg^Efmy     , Gg^Efm      , Gg^Efm      , Rr          , Cv          , Aa          , Ha^Fda      , Ms          , Ms          , Ha^Fma      , Ha^Fma      
Ha^Fma      , Ha^Fpa      , Ha^Fpa      , Aa^Fpa      , Aa^Fpa      , Aa^Fpa      , Ai          , Aa^Fpa      , Aa          , Rr          , Cv          , Aa          , Aa^Fpa      , Gg^Efm      , Gg^Efm      , Gg^Efmy     , Gg^Efm      , Cv          , Rr          , Aa          , Aa          , Ha^Fda      , Ms          , Ms          , Ha^Fma      , Ha^Fda      
Ms          , Ha^Fma      , Ha^Fma      , Ha^Fpa      , Ha^Fpa      , Aa^Fpa      , Aa^Fpa      , Ai          , Ai          , Aa^Fpa      , Aa^Fpa      , Aa^Fpa      , Aa^Fpa      , Gg^Efm      , Aa^Fpa      , Gg^Efm      , Aa          , Aa          , Aa          , Aa          , Ha^Fda      , Ha^Fda      , Ms          , Ms          , Ha^Fma      , Ha^Fda      
Ms          , Ms          , Ms          , Ha^Fma      , Ha^Fpa      , Ha^Fpa      , Ha^Fpa      , Ha^Fpa      , Aa^Fpa      , Ai          , Ai          , Aa^Fpa      , Ha^Fpa      , Aa^Fpa      , Aa^Fpa      , Aa^Fpa      , Aa^Fpa      , Aa          , Aa          , Aa          , Ha^Fda      , Ms          , Ms          , Ms          , Ha^Fma      , Ha^Fda      
Ms          , Ms          , Ms          , Ha^Fma      , Ha^Fma      , Ha^Fda      , Ha^Fda      , Aa^Fpa      , Ms          , Ha^Fpa      , Ms          , Ai          , Ms          , Ha^Fpa      , Ha^Fpa      , Aa^Vea      , Ha^Fpa      , Aa^Fpa      , Aa^Fpa      , Aa          , Ha^Fda      , Ms          , Ha^Fpa      , Ms          , Ha^Fma      , Ha^Fda      
Ms^Xm       , Ms          , Ms^Xm       , Ms          , Ms          , Ms          , Ms          , Ms          , Ms          , Ms          , Ms          , Ms          , Ha          , Ms          , Ms          , Ha^Fpa      , Ms          , Ha^Fpa      , Ha^Fpa      , Aa^Fpa      , Aa^Fpa      , Ha^Fda      , Ha^Fda      , Ms^Vla      , Ha^Fda      , Gg          
Ms          , Ms^Xm       , Ms          , Ms^Xm       , Ms^Xm       , Ms^Xm       , Ms^Xm       , Ms^Xm       , Ms^Xm       , Ms^Xm       , Ms^Xm       , Ha^Fpa      , Ms^Xm       , Ms^Xm       , Ms^Xm       , Ms^Xm       , Ms^Xm       , Ms          , Ms          , Ha^Fpa      , Ha^Fpa      , Aa^Fpa      , Aa^Fpa      , Ha^Fda      , Gg          , Gg          
Ha^Fpa      , Ms          , Ha^Fpa      , Ms          , Ms          , Ms          , Ms          , Ms          , Ms          , Ms          , Ms          , Ms^Xm       , Ms          , Ms          , Ms          , Ms          , Ms          , Ms^Xm       , Ms^Xm       , Ms          , Ms          , Ha^Fpa      , Aa^Fpa      , Aa          , Gg          , Aa          
Ms          , Ha^Fpa      , Ha^Vea      , Ha^Fpa      , Ha^Fpa      , Ha^Fpa      , Ha^Fpa      , Ha^Fpa      , Ha^Fma      , Ha^Fpa      , Ha^Fma      , Ms          , Ha^Fma      , Ai          , Ha^Fma      , Ha^Fma      , Ha^Fma      , Ms          , Ms          , Ms          , Ms          , Ha^Fpa      , Aa          , Aa          , Aa          , Aa          
Ha^Fma      , Ha^Fma      , Aa^Fpa      , Ha^Fpa      , Aa          , Ha^Fpa      , Ha^Fpa      , Ha^Fpa      , Aa          , Ha^Fpa      , Aa^Fpa      , Ha^Fma      , Aa          , Ai          , Aa          , Aa^Fpa      , Aa^Fpa      , Ha^Fma      , Ha^Fpa      , Ms          , Ha^Fma      , Ha^Fma      , Aa          , Aa          , Ha^Fma      , Ha^Fma      
Aa          , Aa^Fpa      , Aa^Fpa      , Aa          , Aa^Fpa      , Aa          , Aa^Fpa      , Aa^Fpa      , Aa^Fpa      , Aa^Fpa      , Aa^Fpa      , Aa^Fpa      , Aa^Fpa      , Ai          , Ai          , Aa          , Aa          , Aa^Fpa      , Ha^Fma      , Ha^Vdyy     , Ha^Fma      , Aa^Fpa      , Aa          , Ha^Fma      , Ms          , Ha^Fma      
Aa          , Aa^Fpa      , Cea         , Cea         , Cea         , Aa^Fpa      , Aa^Fpa      , Aa^Fpa      , Aa^Fpa      , Aa^Fpa      , Aa          , Aa^Vea      , Aa^Fpa      , Aa          , Aa          , Ai          , Ai          , Aa          , Aa          , Aa^Fpa      , Aa          , Aa          , Cea         , Cea         , Cea         , Ms          
Aa^Fpa      , Aa          , Cea         , 1 Ke        , Cea         , Aa^Fpa      , Aa          , Aa^Fpa      , Aa          , Aa          , Aa^Fpa      , Aa          , Aa^Fpa      , Aa^Fpa      , Aa^Fpa      , Ai          , Ai          , Ai          , Aa          , Aa          , Aa          , Aa          , Cea         , 2 Ke        , Cea         , Ms          
Aa          , Aa          , Aa          , Cea         , Aa          , Aa^Fpa      , Aa          , Aa^Fpa      , Aa^Fpa      , Aa^Fpa      , Aa          , Aa          , Aa          , Aa^Fpa      , Aa^Fpa      , Aa^Fpa      , Ai          , Aa          , Aa          , Aa          , Aa          , Aa          , Aa          , Cea         , Ha^Fma      , Ms          
Aa^Fpa      , Aa^Fpa      , Aa          , Aa          , Aa^Fpa      , Aa^Fpa      , Aa          , Aa^Fpa      , Aa^Fpa      , Aa          , Aa^Fpa      , Aa          , Aa^Fpa      , Aa^Fpa      , Aa          , Aa^Fpa      , Aa          , Ai          , Ai          , Ai          , Ai          , Aa          , Aa          , Aa          , Aa          , Ha^Fma      
Aa          , Aa^Fpa      , Aa^Vea      , Aa^Fpa      , Aa          , Aa          , Aa^Fpa      , Aa          , Aa^Fpa      , Aa^Fpa      , Aa          , Aa          , Aa^Vea      , Aa          , Aa^Fpa      , Aa          , Aa^Fpa      , Aa          , Aa          , Ai          , Ww          , Ai          , Ai          , Aa          , Ai          , Aa          
Aa          , Aa^Fpa      , Aa          , Aa^Fpa      , Aa          , Aa          , Aa^Fpa      , Aa^Fpa      , Aa^Fpa      , Aa^Fpa      , Aa          , Aa^Fpa      , Aa^Fpa      , Aa^Fpa      , Aa          , Aa          , Aa^Fpa      , Aa          , Aa          , Ai          , Ww          , Ww          , Ww          , Ai          , Ai          , Ai          
Aa          , Aa          , Aa          , Aa          , Aa          , Aa          , Aa          , Aa          , Aa          , Aa          , Aa          , Aa^Fpa      , Aa          , Aa          , Aa          , Aa          , Aa          , Aa          , Aa          , Aa          , Ai          , Ww          , Ai          , Ai          , Ai          , Ai          
