border_size=1
usage=map

Urb         , Urb         , Urb         , Uu          , Uu          , Uu          , Uu          , Uu          , Uu          , Uu          , Wwf         , Wwf         , Wwf         , Wwf         , Wwf         , Wwf         , Wwf         , Wwf         , Wwf         , Wwf         , Wwf         , Mm          , Mm          , Mm          , Wo          , Wo          , Mm          , Mm          , Mm          , Mm          , Mm          , Mm          , Xu          , Xu          , Xu          , Xu          , Xu          , Xu          , Uu          , Uu          , Xu          , Xu          
Uu          , Urb         , Urb         , Urb         , Urb         , Uu          , Uu^Vud      , Uu          , Uu          , Uu          , Uu          , Wwf         , Wwf         , Wwf         , Ww          , Wwf         , Ww          , Wwf         , Ww          , Wwf         , Ww          , Wwf         , Mm          , Wo          , Mm          , Wo          , Mm          , Mm          , Wwf         , Wo          , Mm          , Mm          , Xu          , Urb         , Urb         , Urb         , Urb         , Xu          , Xu          , Uu          , Uh          , Xu          
Uu          , Urb         , Urb         , Urb         , 1 Urb       , Uu          , Uu          , Uu          , Uu          , Uu          , Ur          , Wwf         , Xu          , Wwf         , Wwf         , Wwf         , Xu          , Wwf         , Xu          , Wwf         , Wwf         , Wwf         , Wwf         , Mm          , Wwf         , Mm          , Wwf         , Wwf         , Wwf         , Ww          , Mm          , Cud         , Xu          , Xu          , Xu          , Xu          , Urb         , Urb         , Xu          , Cud         , Uu          , Xu          
Uu          , Urb         , Uu          , Urb         , Uu          , Uu          , Wwf         , Wwf         , Wwf         , Uu          , Wwf         , Xu          , Ww          , Xu          , Xu          , Xu          , Ww          , Xu          , Ww          , Xu          , Xu          , Xu          , Xu          , Xu          , Xu          , Ww          , Wo          , Wo          , Wo          , Mm          , Ww^Vm       , Wwf         , Xu          , Cud         , Xu          , Uu^Vu       , Urb         , Urb         , Xu          , Uu          , Uu          , Xu          
Uu          , Uu          , Uu          , Uu          , Uu          , Uu          , Wwf         , Wwf         , Ww          , Wwf         , Wwf         , Wwf         , Wwf         , Ww          , Ww          , Ww          , Wwf         , Wwf         , Wwf         , Ww          , Ww          , Xu          , Xu          , Cud         , Xu          , Wo          , Ww          , Ww          , Mm          , Mm          , Mm          , Wwf         , Xu          , Xu          , Xu          , Uu^Vu       , Urb         , Urb         , Urb         , Uu          , Xu          , Xu          
Uu          , Uu          , Wwf         , Uu          , Wwf         , Wwf         , Wwf         , Ww          , Ww^Vm       , Ww          , Wwf         , Wwf         , Ss          , Ss          , Wwf         , Wwf         , Sm          , Xu          , Wwf         , Ww          , Ww^Vm       , Ww          , Xu          , Cud         , Xu          , Mm          , Mm          , Mm          , Wo          , Wo          , Mm          , Cud         , Xu          , Cud         , Cud         , Xu          , Xu          , Urb         , Urb         , Urb         , Urb         , Xu          
Wwf         , Wwf         , Wwf         , Wwf         , Wwr         , Wwf         , Wwf         , Ww          , Ww          , Ww          , Wwf         , Wwf         , Chs         , Chs         , Chw         , Wwf         , Sm          , Xu          , Wwf         , Ww          , Ww          , Ww          , Wwf         , Xu          , Ss          , Ss          , Wwf         , Mm          , Mm          , Mm          , Wwf         , Mm          , Xu          , Uu          , Uu          , Cud         , Cud         , Xu          , Cud         , Cud         , Cud         , Xu          
Wwf         , Wwf         , Ww^Vm       , Wwf         , Wwr         , Wwr         , Wwf         , Wwf         , Wwf         , Wwf         , Wwf         , Ss          , Chw         , 4 Khs       , Chw         , Wwf         , Sm          , Xu          , Xu          , Wwf         , Wwf         , Wwf         , Ss          , Wwf         , Wwf         , Wwf         , Xu          , Sm          , Sm          , Wwf         , Xu          , Xu          , Uu          , Uu          , Uu^Ufi      , Uu          , Uu          , Xu          , Cud         , Uu^Vud      , Cud         , Xu          
Xu          , Wwf         , Wwf         , Wwf         , Xu          , Wwr         , Xu          , Wwf         , Xu          , Xu          , Wwf         , Wwf         , Wwf         , Chw         , Sm          , Sm          , Sm          , Xu          , Ds          , Xu          , Xu          , Ss          , Ww          , Wwf         , Xu          , Xu          , Wwf         , Xu          , Xu          , Xu          , Ww          , Xu          , Xu          , Uu          , Uu          , Uu          , Uu          , Xu          , Urb         , Cud         , Urb         , Xu          
Xu          , Xu          , Xu          , Xu          , Wwf         , Xu          , Wwr         , Xu          , Wwf         , Wwf         , Wwf         , Ww          , Ww          , Wwf         , Wwf         , Wwf         , Xu          , Xu          , Wwf         , Ww          , Ww          , Ww          , Xu          , Xu          , Wwf         , Wwf         , Wwf         , Wwf         , Ww          , Ww          , Wo          , Ww          , Xu          , Uu          , Uu          , Cud         , Uh          , Xu          , Urb         , Urb         , Urb         , Xu          
Ww          , Wwf         , Wwf         , Wwf         , Wwf         , Wwr         , Wwr         , Wwr         , Wwf         , Ww^Vm       , Wwf         , Wwf         , Wwf         , Wwf         , Xu          , Xu          , Wwr         , Wwf         , Xu          , Xu          , Xu          , Xu          , Wwf         , Wwf         , Wwf         , Wwf         , Ww          , Xos         , Xos         , Wwf         , Wwf         , Ww          , Wwf         , Xu          , Xu          , Uh          , Xu          , Xu          , Cud         , Urb         , Cud         , Xu          
Ww          , Wwf         , Ww^Vm       , Wwf         , Xu          , Wwf         , Xu          , Xu          , Xu          , Wwf         , Xu          , Xu          , Xu          , Xu          , Ww          , Wwr         , Xu          , Xu          , Wwf         , Wwf         , Wwf         , Wwf         , Ww^Vm       , Wwf         , Ww          , Ww          , Wo          , Wo          , Wo          , Xos         , Wwf         , Wwf         , Ww^Vm       , Wwf         , Xu          , Xu          , Urb         , Uu          , Cud         , Cud         , Cud         , Xu          
Ds          , Wwf         , Wwf         , Wwf         , Wwf         , Xu          , Wwf         , Wwf         , Wwf         , Xu          , Ww          , Ww          , Ww          , Ww          , Xu          , Xu          , Wwf         , Wwf         , Mm          , Mm          , Mm          , Wwf         , Wwf         , Wwf         , Wo          , Wo          , Wo          , Wo          , Wo          , Xos         , Wwf         , Wwf         , Wwf         , Wwf         , Ds          , Urb         , Urb         , Urb         , Urb         , Uu          , Uu          , Xu          
Xu          , Ds          , Ds          , Ds          , Xu          , Wwf         , Sm          , Sm          , Sm          , Wwf         , Ww          , Ww^Vm       , Ds          , Xu          , Wwf         , Wwf         , Ww^Vm       , Mm          , Ww          , Ww          , Wo          , Mm          , Mm          , Mm          , Mm          , Wo          , Wo          , Wo          , Xos         , Xos         , Xos         , Wwf         , Ds          , Wwf         , Ds          , Urb         , Urb         , Urb         , Uu^Vud      , Uu          , Ql          , Ql          
Xu          , Xu          , Xu          , Xu          , Wwf         , Xu          , Xu          , Xu          , Xu          , Sm          , Wwf         , Ww          , Ds          , Xu          , Mm          , Mm          , Mm          , Mm          , Mm          , 3 Khw       , Chw         , Ww          , Ww          , Mm          , Xos         , Wo          , Xos         , Xos         , Ql          , Ql          , Ql          , Xos         , Xos         , Ds          , Urb         , Urb         , Xos         , Uu          , Uu          , Uu          , Ql          , Ql          
Wwf         , Wwf         , Wwf         , Wwf         , Ds          , Wwf         , Wwf         , Wwf         , Wwf         , Sm          , Wwf         , Wwf         , Xu          , Xu          , Mm          , Chw         , Chw         , Mm          , Mm          , Ww          , Ww          , Ww          , Xos         , Xos         , Ql          , Xos         , Ql          , Ql          , Ql          , Ql          , Ql          , Ql          , Ql          , Xos         , Xos         , Xos         , Ql          , Xos         , Xos         , Ql          , Ql          , Ql          
Wwf         , Wwf         , Ss          , Ds          , Xu          , Ds          , Wwf         , Ww^Vm       , Wwf         , Wwf         , Xu          , Xu          , Ql          , Qxu         , Qxu^Bs/     , Mm          , Mm          , Mm          , Xos         , Xos         , Xos         , Xos         , Ql          , Ql          , Ql          , Ql          , Ql          , Ql          , Ql          , Ql          , Xos         , Ql          , Ql          , Ql          , Ql          , Ql          , Ql          , Ql          , Ql          , Xos         , Xos         , Ql          
Wwr         , Wwf         , Ss          , Ss          , Ss          , Xu          , Sm          , Wwf         , Sm          , Xu          , Ql          , Ql          , Urb         , Urb         , Ql          , Qxu         , Qxu         , Xos         , Qxu         , Qxu         , Ql          , Ql          , Ql          , Ql          , Ql          , Ql          , Ql          , Ql          , Xos         , Xos         , Ql          , Xos         , Xos         , Ql          , Ql          , Ql          , Ql          , Ql          , Qlf         , Ql          , Ql          , Xos         
Ww          , Wwf         , Wwf         , Wwf         , Ss          , Xu          , Xu          , Xu          , Xu          , Xu          , Ql          , Ql          , Urb         , Ql          , Ql          , Ql          , Ql          , Qxu         , Ql          , Ql          , Ql          , Ql          , Ql          , Ql          , Ql          , Ql          , Xos         , Xos         , Cud         , Ql          , Ql          , Ql          , Ql          , Xos         , Xos         , Xos         , Xos         , Ql          , Ql          , Qlf         , Ql          , Ql          
Ww          , Wwf         , Ww          , Ww^Vm       , Ww          , Ss          , Xu          , Ql          , Ql          , Ql          , Urb         , Urb         , Ql          , Ql          , Ql          , Ql          , Ql          , Ql          , Ql          , Ql          , Ql          , Ql          , Ql          , Ql          , Xos         , Xos         , Cud         , Cud         , Cud         , Ql          , Qlf         , Qlf         , Qlf         , Ql          , Ql          , Ql          , Ql          , Xos         , Xos         , Ql          , Ql          , Ql          
Ww          , Wwr         , Wwr         , Ww          , Ww          , Ww          , Ww          , Xu          , Ql          , Ql          , Urb         , Ql          , Uu          , Ql          , Ql          , Ql          , Ql          , Ql          , Ql          , Ql          , Ql          , Ql          , Xos         , Xos         , Cud         , Cud         , Cud         , Cud         , Cud         , Ql          , Qlf         , Ql          , Ql          , Qlf         , Qlf         , Ql          , Ql          , Ql          , Ql          , Xos         , Xos         , Ql          
Ww          , Wwr         , Wwr         , Wwr         , Wwr         , Wwr         , Ww          , Xu          , Ql          , Ql          , Urb         , Ql          , Ql          , Ql          , Urb         , Ql          , Urb         , Urb         , Urb         , Urb         , Urb         , Xos         , Cud         , Cud         , Cud         , Cud         , Urb         , Cud         , Cud         , Ql          , Ql          , Qlf         , Qlf         , Qlf         , Ql          , Ql          , Ql          , Ql          , Ql          , Ql          , Ql          , Xos         
Ww          , Wwr         , Chw         , Chw         , Chw         , Wwr         , Ww          , Xu          , Ql          , Ql          , Ql          , Urb         , Urb         , Urb         , Ch          , Urb         , Urb         , Urb         , Urb         , Urb         , Urb         , Cud         , Cud         , Cud         , Cud         , Cud         , Cud         , Cud         , Ql          , Ql          , Cud         , Ql          , Ql          , Qlf         , Ql          , Uu^Vud      , Ql          , Qlf         , Qlf         , Ql          , Ql          , Ql          
Ww          , Ww          , Chw         , 2 Khw       , Chw         , Ww          , Ww          , Xu          , Ql          , Uu          , Ql          , Ql          , Ql          , Urb         , Urb         , Urb         , Urb         , Urb         , Urb         , Urb         , Urb         , Cud         , Cud         , Cud         , Cud         , Cud         , Cud         , Cud         , Ql          , Cud         , Cud         , Cud         , Ql          , Qlf         , Qlf         , Ql          , Qlf         , Qlf         , Ql          , Qlf         , Qlf         , Ql          
Wwr         , Wwr         , Wwr         , Chw         , Wwr         , Wwr         , Ww          , Xu          , Ql          , Ql          , Ql          , Ql          , Ql          , Urb         , Ch          , Urb         , Urb         , Urb         , Urb         , Urb         , Urb         , Cud         , Cud         , Cud         , Cud         , Cud         , Cud         , Cud         , Ql          , Cud         , Cud         , Cud         , Ql          , Qlf         , Ql          , Ql          , Ql          , Qlf         , Qlf         , Qlf         , Ql          , Ql          
Ww          , Wwr         , Ww          , Wwr         , Wwr         , Ww          , Ww          , Xu          , Xuc         , Ql          , Ql          , Ql          , Ql          , Urb         , Urb         , Urb         , Urb         , Urb         , Urb         , Urb         , Urb         , Cud         , Cud         , Cud         , Cud         , Cud         , Urb         , Cud         , Cud         , Ql          , Ql          , Ql          , Qlf         , Qlf         , Ql          , Uu^Vud      , Ql          , Qlf         , Ql          , Ql          , Ql          , Ql          
Ww          , Ww          , Ww          , Wwf         , Wwr         , Wwr         , Ww          , Ww          , Xu          , Ql          , Uu          , Ql          , Ql          , Ql          , Ql          , Ql          , Ql          , Urb         , Ql          , Urb         , Ql          , Xos         , Xos         , Cud         , Cud         , Cud         , Cud         , Cud         , Cud         , Ql          , Qlf         , Qlf         , Ql          , Qlf         , Qlf         , Ql          , Ql          , Ql          , Ql          , Ql          , Xos         , Xos         
Xu          , Ww          , Ds          , Ds          , Ds          , Wwr         , Xuc         , Ww          , Xuc         , Uu          , Uu          , Ql          , Uu          , Ql          , Ql          , Ql          , Ql          , Ql          , Ql          , Ql          , Ql          , Ql          , Ql          , Xos         , Xos         , Cud         , Cud         , Cud         , Cud         , Ql          , Qlf         , Ql          , Qlf         , Qlf         , Ql          , Ql          , Ql          , Ql          , Xos         , Xos         , Ql          , Ql          
Xu          , Ds          , Ds          , Dd^Vdt      , Ds          , Xu          , Ds          , Xuc         , Ds          , Ds          , Ds          , Uu          , Uu^Vud      , Uu          , Ql          , Ql          , Ql          , Ql          , Ql          , Ql          , Ql          , Ql          , Ql          , Ql          , Ql          , Xos         , Xos         , Cud         , Cud         , Ql          , Ql          , Qlf         , Ql          , Ql          , Xos         , Ql          , Xos         , Xos         , Ql          , Ql          , Ql          , Qlf         
Xu          , Ds          , Ds          , Ds          , Dd^Dc       , Ds          , Dd^Vdt      , Ds          , Ds          , Ds          , Ds          , Uu          , Uu          , Uu          , Uu          , Uu          , Uu          , Uu          , Uu          , Ql          , Ql          , Qlf         , Qlf         , Ql          , Ql          , Ql          , Ql          , Xos         , Xos         , Ql          , Ql          , Ql          , Xos         , Xos         , Ql          , Xos         , Ql          , Ql          , Qlf         , Qlf         , Ql          , Ql          
Ql          , Uu          , Uu          , Ds          , Ds          , Ds          , Ds          , Ds          , Ds          , Dd^Dc       , Ds          , Ds          , Ds          , Uu          , Uu^Uf       , Uu          , Uu^Vud      , Uu          , Ql          , Ql          , Ql          , Qlf         , Qlf         , Qlf         , Ql          , Ql          , Ql          , Ql          , Ql          , Xos         , Xos         , Xos         , Ql          , Ql          , Ql          , Ql          , Ql          , Ql          , Qlf         , Qlf         , Qlf         , Qlf         
Ql          , Uu          , Ql          , Uu          , Uu          , Uu          , Uu          , Uu          , Uu          , Ds          , Uu          , Ds          , Uu          , Uu          , Uu          , Uu          , Uu          , Uu          , Ql          , Ql          , Ql          , Ql          , Qlf         , Qlf         , Qlf         , Qlf         , Ql          , Ql          , Ql          , Ql          , Ql          , Ql          , Ql          , Ql          , Ql          , Ql          , Ql          , Qlf         , Ql          , Qlf         , Qlf         , Qlf         
Ql          , Ql          , Ql          , Ql          , Ql          , Ql          , Ql          , Ql          , Ql          , Uu          , Ql          , Uu          , Ql          , Ql          , Ql          , Ql          , Ql          , Ql          , Ql          , Ql          , Ql          , Qlf         , Qlf         , Qlf         , Ql          , Ql          , Ql          , Ql          , Ql          , Ql          , Ql          , Ql          , Ql          , Ql          , Ql          , Ql          , Ql          , Ql          , Ql          , Qlf         , Qlf         , Qlf         
Ql          , Ql          , Ql          , Ql          , Ql          , Ql          , Ql          , Ql          , Ql          , Ql          , Ql          , Ql          , Ql          , Ql          , Ql          , Ql          , Ql          , Ql          , Ql          , Ql          , Ql          , Qlf         , Qlf         , Qlf         , Ql          , Ql          , Ql          , Ql          , Ql          , Ql          , Ql          , Ql          , Ql          , Ql          , Ql          , Ql          , Ql          , Ql          , Ql          , Ql          , Ql          , Ql          
