border_size=1
usage=map

Hh^Fp       , Hh^Fp       , Gs^Fp       , Gs^Fp       , Gs^Fp       , Gs^Fp       , Gs^Fp       , Gs^Fp       , Gs^Fms      , Ww          , Gs^Fms      , Gs^Fms      , Gs^Fp       , Gs^Fp       , Gs^Fp       , Gs^Fms      , Rd          , Rd          , Gs^Fms      , Gs^Fms      , Gs^Fp       , Gs^Fp       , Gs^Fp       , Gs^Fp       , Gs^Fp       , Hh^Fp       , Hh^Fp       , Hh^Fp       , Hh^Fp       , Hh^Fp       
Hh^Fp       , Hh^Fp       , Gs^Fp       , Gs^Fp       , Gg^Efm      , Gs^Fp       , Gs^Fms      , Gs^Fms      , Ww          , Ww          , Gs^Fms      , Gs^Fmf      , Gg^Ve       , Gs^Fp       , Gs^Fms      , Gs^Fms      , Rd          , Gs^Fmw      , Gs^Fms      , Gs^Fms      , Gs^Fds      , Gs^Fp       , Gs^Fp       , Gs^Fp       , Gg^Ve       , Gs^Fmf      , Hh^Fp       , Hh^Fmf      , Hh^Fmf      , Hh^Fp       
Gs^Fds      , Gs^Fds      , Gs^Fds      , Gg^Ve       , Gs^Fms      , Gg          , Gg^Wm       , Gg          , Ww          , Gg          , Gg^Wm       , Gs^Fmf      , Gg^Efm      , Gs^Fp       , Gs^Fms      , Rd          , Gs^Fmw      , Gs^Fds      , Ce          , Ce          , Ce          , Gs^Fp       , Gs^Fp       , Gg^Efm      , Gg^Efm      , Gs^Fmf      , Hh^Fmf      , Hh^Fmf      , Hh^Fp       , Hh^Fp       
Gs^Fds      , Gs^Fds      , Gs^Fmf      , Gs^Fds      , Gg^Fet      , Gg          , Gs^Fms      , Gs^Fms      , Ww          , Gg          , Gg          , Gg          , Gs^Fms      , Gs^Fp       , Rd          , Rd          , Gs^Fms      , Gs^Fms      , Ce          , 1 Ke        , Ce          , Gs^Fp       , Gs^Fmf      , Gs^Fp       , Gs^Fp       , Gs^Fmf      , Gs^Fmf      , Hh^Fp       , Gs^Fp       , Gs^Fp       
Gs^Fms      , Gs^Fmf      , Gg          , Gg          , Gg          , Gg          , Gs^Fds      , Gs^Fms      , Ww          , Ww          , Ww          , Gs^Fms      , Gs^Fmf      , Gs^Fms      , Rd          , Gs^Fmw      , Gs^Fms      , Gs^Fms      , Gs^Fms      , Ce          , Gs^Fms      , Gs^Fp       , Gs^Fmf      , Gs^Fp       , Gs^Fmf      , Gs^Fmf      , Hh^Fp       , Gs^Fp       , Gs^Fp       , Gs^Fp       
Gs^Fds      , Gs^Fds      , Gs^Fds      , Gs^Fms      , Ce          , Gs^Fms      , Gs^Fms      , Ww          , Ss          , Gs^Fds      , Gs^Fds      , Ww          , Ww^Bw/      , Rd          , Gs^Fmw      , Gs^Fms      , Gg^Ve       , Gs^Fms      , Gs^Fms      , Gs^Fp       , Gs^Fms      , Gs^Fp       , Gs^Fms      , Gs^Fmf      , Gs^Fp       , Gs^Fp       , Gs^Fp       , Gs^Fp       , Gg^Ve       , Gs^Fp       
Gs^Fds      , Gs^Fds      , Gs^Fp       , Ce          , 5 Ke        , Ce          , Gs^Fms      , Ww          , Ss          , Gs^Fms      , Gs^Fms      , Rd          , Gs^Fmw      , Ww          , Ww          , Gs^Fmw      , Gs^Fmw      , Gs^Fds      , Gs^Fms      , Gs^Fms      , Gs^Fms      , Gs^Fms      , Gs^Fp       , Gs^Fmf      , Gs^Fmf      , Gs^Fp       , Gg          , Gg^Efmy     , Gg^Efmy     , Gs^Fds      
Gs^Fds      , Gg^Ve       , Gs^Fp       , Ce          , Ce          , Ce          , Ss          , Ww          , Gs^Fms      , Gs^Fms      , Rd          , Rd          , Gs^Fms      , Gs^Fmw      , Gs^Fmw      , Ww          , Gs          , Gs^Fmw      , Gs          , Gs          , Gs          , Gs^Fds      , Gg^Ve       , Gs^Fms      , Gs^Fms      , Gs^Fp       , Gg          , Gg^Wm       , Gg          , Gs^Fp       
Gs^Fms      , Gs^Fp       , Gs^Fms      , Gs^Fms      , Gs^Fds      , Gs^Fds      , Ww          , Ww          , Gs^Fms      , Gs^Fms      , Rd          , Gs^Fms      , Gg^Ve       , Gs^Fms      , Gs^Fp       , Ww          , Ss          , Gs          , Ss          , Ss          , Ss          , Gs^Ft       , Gs^Ft       , Gs^Fds      , Gs^Fds      , Gs^Fds      , Gs^Ft       , Gg          , Gs^Ft       , Gs^Fp       
Gs^Fms      , Gs^Fp       , Ss          , Gs^Fds      , Ww          , Ww          , Ss          , Gs^Fds      , Gs^Fms      , Rd          , Gs^Fms      , Gs^Fms      , Gg^Efm      , Gg^Efm      , Gs^Fms      , Gs^Fmf      , Gs^Fmf      , Ss          , Ww          , Ww          , Ss          , Gs^Ft       , Gs^Ft       , Gs^Ft       , Gs^Ft       , Gs^Ft       , Gs^Ft       , Gs^Ft       , Ww          , Ww          
Gs^Fds      , Ss          , Ww          , Ww          , Gs^Fds      , Gs^Fds      , Gs^Fms      , Gs^Fms      , Rd          , Rd          , Gs^Fms      , Gs^Fp       , Gs^Fms      , Gg^Efm      , Gs^Fms      , Gs^Fms      , Gs^Fms      , Ss          , Ss          , Ss          , Gs^Fp       , Ss          , Ss          , Gs^Ft       , Ww          , Ww          , Ww          , Gs^Ft       , Ww          , Gs^Ft       
Gs^Fms      , Ww          , Ss          , Gs^Fds      , Gs^Fms      , Gg^Ve       , Gs^Fms      , Gs^Fms      , Rd          , Gs^Fms      , Gs^Fmf      , Gs^Fmf      , Gs^Fms      , Gs^Fms      , Gs^Fms      , Gg^Ve       , Gs^Fms      , Ss          , Gs^Fmf      , Ww          , Gs^Ft       , Gs^Fms      , Gs^Ft       , Ww          , Gs^Ft       , Gs^Ft       , Ww          , Ww          , Gs^Ft       , Gs^Ft       
Ww          , Ww          , Cv          , Gs^Fms      , Gs^Fms      , Gs^Fms      , Gg^Fet      , Rd          , Gg^Fet      , Gs^Fp       , Gs^Fp       , Gs^Fp       , Cv          , Gs^Fp       , Gs^Fmf      , Gs^Fms      , Ss          , Gs^Ft       , Gs^Fp       , Ww          , Ww          , Gg^Ve       , Ww          , Ww          , Ww          , Ww          , Ww          , Gs^Ft       , Gs^Ft       , Gs^Ft       
Ss          , Ss          , Gs^Fds      , Gs^Fds      , Gs^Fds      , Gs^Fds      , Cv          , Rd          , Cv          , Gs^Fds      , Gs^Fds      , Gs^Fds      , Gs^Fds      , Gs^Fp       , Gs^Fp       , Ss          , Gs^Fp       , Gg^Efm      , Gs^Fms      , Gs^Fms      , Gs^Fp       , Ww          , Gs^Ft       , Ww          , Ds          , Gs^Ft       , Gs^Ft       , Gs^Ft       , Gs^Fp       , Gs^Fms      
Gs^Fds      , Gs^Fds      , Cv          , Cv          , Cv          , Cv          , Gg^Efm      , Cv          , Gg^Efm      , Cv          , Cv          , Cv          , Cv          , Gs^Fds      , Gs^Fds      , Gs^Fp       , Gs^Fp       , Gg^Ve       , Gs^Fp       , Gs^Fms      , Gs^Fp       , Gs^Ft       , Gs^Ft       , Ds          , Gg^Efmy     , Gg^Fet      , Gg^Fet      , Gs^Fp       , Gs^Fp       , Gs^Fms      
Cv          , Cv          , Gg^Efm      , Gg^Efm      , Gg^Efm      , Gg^Efm      , Cv          , Gg          , Cv          , Gg^Efm      , Gg^Efm      , Gg^Efm      , Gg^Efm      , Cv          , Cv          , Gs^Fds      , Gs^Fds      , Gs^Fp       , Gs^Fp       , Gs^Fp       , Cv          , Gs^Fp       , Gs^Fp       , Gg^Fet      , Gg^Efmy     , Ggy^Vhc     , Gs^Fms      , Gs^Fms      , Gs^Fp       , Gs^Fms      
Gg          , Gg^Efm      , Gg^Efmy     , Gg^Efmy     , Gg^Efmy     , Gg          , Gg          , Gg          , Gg          , Gg^Efm      , Gg^Efmy     , Gg^Efmy     , Gg          , Gg^Efm      , Gg^Efm      , Cv          , Gs^Fds      , Gs^Fms      , Gs^Fms      , Gs^Fp       , Gs^Fmf      , Gs^Fp       , Gs^Fp       , Gg^Fet      , Gg^Efmy     , Gg^Efm      , Ce          , Gs^Fms      , Gs^Fms      , Gs^Fms      
Gg          , Gg^Efmy     , Gg^Efmy     , Gg^Efm      , Gg^Efm      , Gg          , Cv          , Cv          , Cv          , Gg          , Gg          , Gg          , Cv          , Gg          , Gg^Efm      , Cv          , Cv          , Gs^Fds      , Gs^Fms      , Gs^Fp       , Gs^Fmf      , Gs^Fmf      , Gg^Efmy     , Gg^Efmy     , Gg^Efmy     , Ce          , 2 Ke        , Ce          , Gs^Fp       , Gs^Fp       
Gg^Efmy     , Gg^Efm      , Gg^Efm      , Gg^Efm      , Gg          , Gg          , Cv          , 3 Kv        , Cv          , Gg          , Gg          , Cv          , Ggf         , Cv          , Gg^Efm      , Gg^Efm      , Cv          , Gs^Fds      , Gs^Fms      , Gs^Fp       , Gs^Fmf      , Gs^Fmf      , Gs^Fp       , Gg^Efmy     , Gs^Fms      , Ce          , Ce          , Ce          , Gs^Fms      , Gs^Fp       
Gg^Efm      , Gg^Efm      , Gg^Efm      , Cv          , Gg          , Gg          , Gg          , Cv          , Gg          , Gg          , Gg          , Cv          , Cv          , Cv          , Gg^Efm      , Gg^Efm      , Cv          , Gs^Fds      , Gs^Fms      , Gs^Fp       , Cv          , Gs^Fp       , Gs^Fp       , Gs^Fp       , Gs^Fms      , Gs^Fms      , Gs^Fp       , Gs^Fp       , Gg^Ve       , Gs^Fms      
Gg^Efm      , Cv          , Gg^Efm      , Gg^Efm      , Gg^Efm      , Cv          , Gg          , Gg          , Gg^Efm      , Cv          , Gg^Efm      , Gg          , Gg^Efm      , Gg^Efm      , Gg^Efm      , Cv          , Gs^Fds      , Gs^Fds      , Gs^Fp       , Gs^Fp       , Gs^Fp       , Gs^Fmf      , Gs^Fp       , Gs^Fp       , Gs^Fp       , Gs^Fp       , Gs^Fp       , Gs^Fmf      , Gg^Efmy     , Gs^Fms      
Cv          , Gg^Efm      , Gg^Efm      , Cv          , Gg^Efm      , Gg^Efm      , Cv          , Gg          , Cv          , Gg^Efm      , Gg^Efm      , Cv          , Gg^Efm      , Gg^Efm      , Cv          , Cv          , Gs^Fds      , Gs^Fms      , Gg^Efm      , Gs^Fms      , Gs^Fp       , Gs^Fp       , Gs^Fmf      , Gg^Ve       , Gs^Fp       , Gs^Fp       , Gs^Fp       , Gs^Fms      , Gs^Fms      , Gs^Fms      
Gs^Fds      , Cv          , Cv          , Gg^Efm      , Cv          , Gg^Efm      , Gg^Efm      , Gg          , Gg^Efm      , Gg^Efm      , Cv          , Gg^Efm      , Cv          , Cv          , Gg^Efm      , Gg^Efm      , Gg^Efmy     , Gg^Efm      , Gg^Efmy     , Gg          , Gs^Fms      , Gs^Fmf      , Gs^Fp       , Gs^Fmf      , Gs^Fp       , Gs^Fp       , Gs^Fp       , Gs^Fp       , Gs^Fp       , Gs^Fp       
Gs^Fp       , Gs^Fds      , Gs^Fds      , Cv          , Gs^Fds      , Cv          , Cv          , Cv          , Cv          , Cv          , Gs^Fds      , Cv          , Gs^Fds      , Gs^Fds      , Gs^Fms      , Gg          , Gg          , Gg          , Re^Gvs      , Gg          , Gg          , Gs^Fms      , Gs^Fms      , Gs^Fp       , Gs^Fp       , Gs^Fp       , Gg^Fet      , Gs^Fmf      , Hh^Fmf      , Hh^Fmf      
Gs^Fp       , Gs^Fp       , Gs^Fp       , Gs^Fds      , Gs^Fms      , Gs^Fds      , Gg^Fet      , Rd          , Gg^Fet      , Gs^Fds      , Gs^Fms      , Gs^Fds      , Gs^Fp       , Gs^Fp       , Gs^Fp       , Gs^Fms      , Gg          , Re^Gvs      , Gg          , Gg          , Gs^Fms      , Gs^Fms      , Gs^Fms      , Gs^Fms      , Gg^Ve       , Gs^Fp       , Gs^Fmf      , Gs^Fmf      , Hh^Fmf      , Hh^Fmf      
Gs^Fp       , Gs^Fp       , Gs^Ft       , Gs^Fms      , Gs^Fms      , Gs^Fms      , Cv          , Rd          , Cv          , Gs^Fms      , Gs^Fp       , Gs^Fms      , Gg^Ve       , Gs^Fp       , Gs^Fp       , Gs^Fms      , Gs^Fms      , Gg          , Gs^Fds      , Gs^Fms      , Gs^Fms      , Gs^Fp       , Gs^Fp       , Gs^Fmf      , Gs^Fp       , Gs^Fp       , Gs^Fp       , Gs^Fp       , Gs^Fp       , Gs^Fp       
Gs^Fp       , Gs^Fp       , Ce          , Ce          , Ce          , Gs^Fds      , Gg          , Rd          , Gg          , Gs^Fms      , Gs^Fp       , Gs^Fms      , Gs^Fp       , Ggy         , Gs^Fp       , Gg^Fet      , Gs^Fms      , Gg          , Gg^Ve       , Gs^Fds      , Gs^Fmf      , Gs^Fmf      , Gll^Fmf     , Gs^Fp       , Gs^Fp       , Gs^Fms      , Gll^Fmf     , Gll^Fmf     , Gs^Fp       , Gs^Fp       
Gs^Fp       , Gs^Fp       , Ce          , 4 Ke        , Ce          , Gg          , Rd          , Rd          , Gg          , Gs^Fds      , Gs^Fp       , Gg^Fet      , Gs^Fp       , Gs^Fp       , Gs^Fms      , Gs^Fp       , Gg^Efmy     , Gg^Efmy     , Gs^Fms      , Gs^Fp       , Hh^Fmf      , Hh^Fmf      , Gll^Fmf     , Gll^Fmf     , Gll^Fmf     , Gll^Fmf     , Gs^Fms      , Gs^Fmf      , Gs^Fp       , Gs^Fp       
Gs^Fp       , Gs^Fp       , Gs^Fp       , Ce          , Gg          , Gg          , Rd          , Gg          , Gs^Fds      , Gs^Fms      , Gg          , Gs^Fms      , Gg          , Gg          , Gg          , Gg          , Gg          , Gs^Fms      , Gs^Fp       , Gll^Fmf     , Gll^Fmf     , Gs^Fmf      , Gs^Fp       , Gll^Fp      , Gs^Fp       , Gs^Fms      , Gs^Fms      , Gs^Fms      , Gg^Ve       , Gs^Fp       
Gs^Fms      , Gs^Fp       , Gs^Fms      , Gs^Fms      , Gg          , Rd          , Gg          , Gg          , Gg          , Gg          , Gs^Fms      , Gg          , Gs^Fms      , Gs^Fms      , Gg          , Gs^Fms      , Gs^Fp       , Gll^Fp      , Gll^Fmf     , Gs^Fp       , Gll^Fp      , Gs^Fp       , Gg^Ve       , Gs^Fms      , Gg          , Gs^Fms      , Gs^Fms      , Gs^Fms      , Gs^Fms      , Gs^Fp       
Gg          , Gg          , Gg          , Gg          , Rd          , Rd          , Gg          , Gg^Ve       , Gs^Fms      , Gg^Fet      , Gg          , Gg          , Gg          , Gll^Fp      , Gg^Ve       , Gll^Fp      , Gll^Fp      , Gs^Fms      , Gll^Fmf     , Gll^Fmf     , Gll^Fp      , Gg          , Gg          , Gg          , Gll^Fp      , Gg^Fet      , Gg          , Gg          , Gll^Fp      , Gg          
Gll^Fp      , Gs^Fms      , Gs^Fms      , Gg          , Rd          , Gg          , Gll^Fp      , Gll^Fp      , Gll^Fp      , Gll^Fp      , Gll^Fp      , Gs^Fms      , Gll^Fp      , Gs^Fms      , Gll^Fp      , Gll^Fp      , Gll^Fp      , Gll^Fp      , Gll^Fmf     , Gll^Fmf     , Gll^Fp      , Gll^Fp      , Gll^Fp      , Gll^Fp      , Gll^Fmf     , Gll^Fp      , Gll^Fp      , Gll^Fp      , Gll^Fmf     , Gll^Fp      
