border_size=1
usage=map

Gg          , Gg          , Gg          , Re^Gvs      , Re^Gvs      , Gg          , Gg          , Gs^Fmw      , Gs^Fmw      , Gs^Fmw      , Gg          , Gs^Fp       , Gs^Fmf      , Gs^Fp       , Gs^Fp       , Gs^Fp       , Gg          , Gs^Fmf      , Gs^Fmf      , Gg          , Gs^Fp       , Gs^Fp       , Gs^Fp       , Gs^Fmf      , Gg          , Gg          , Gs^Ft       , Gs^Ft       , Ww          , Gg          , Rd          , Rd          , Gg          , Gg          , Gg          , Gg          , Re^Gvs      , Gg          , Gg          , Gg          , Gs^Fmw      , Gs^Fmw      , Gg          , Gs^Fp       , Gs^Fp       , Gs^Fp       , Gs^Fp       , Gg          , Gs^Fp       , Gs^Fp       
Rd          , Gg          , Gg          , Re^Gvs      , Gg          , Gg^Vc       , Gg          , Gs^Fdw      , Gs^Fdw      , Gg          , Gs^Fmw      , Gs^Fmf      , Gg          , Gg          , Gg          , Gs^Fp       , Gs^Fmf      , Gs^Fp       , Gg          , Gs^Vh       , Gg          , Gg          , Gg          , Gs^Fp       , Gg          , Gg          , Gg          , Gs^Ft       , Ww^Bw/      , Rd          , Gg          , Gg          , Gg          , Gg^Vc       , Gg          , Re^Gvs      , Re^Gvs      , Re^Gvs      , Re^Gvs      , Gg          , Gg          , Gg          , Gs^Fmw      , Gs^Fp       , Gs^Fp       , Gg^Ve       , Gs^Fp       , Gs^Fp       , Gg          , Gs^Fp       
Ds          , Rd          , Rd          , Gg          , Rd          , Gg          , Gg          , Gg          , Gg          , Gg          , Gg          , Gs^Fmw      , Gg          , Gg^Vhc      , Gg          , Gs^Fmf      , Hh^Fp       , Gs^Fmf      , Gs^Fmw      , Gs^Fmw      , Gs^Fmw      , Gs^Fp       , Gg          , Gs^Fp       , Gg          , Gg^Vh       , Rd          , Rd          , Ww          , Gg          , Gs^Ft       , Gs^Ft       , Dd          , Gg          , Ds          , Gg          , Gg          , Gg          , Gg          , Gg          , Gg          , Gs^Fmw      , Gs^Fp       , Gs^Fp       , Ce          , Gs^Fp       , Gs^Fp       , Gs^Fp       , Gg          , Gs^Fp       
Ds          , Ds          , Ds          , Rd          , Ds          , Rd          , Rd          , Rd          , Rd          , Gg          , Rd          , Gg          , Gg          , Gg          , Gg          , Gs^Fp       , Gg          , Gs^Fmw      , Gs^Fdw      , Gll^Fp      , Gg          , Hh^Fp       , Gg          , Gg          , Rd          , Rd          , Ss          , Ss          , Ww          , Gs^Ft       , Gs^Ft       , Dd          , Dd^Dc       , Ds          , Ds          , Gg          , Gg          , Gg          , Gg          , Gg^Vc       , Gg          , Gs^Fmw      , Gs^Fms      , Ce          , 1 Ke        , Ce          , Gs^Fp       , Gs^Fmf      , Gg          , Gs^Fp       
Ds          , Dd^Dc       , Ds          , Ds          , Rp^Vhcr     , Ds          , Ds          , Ds          , Ds          , Rd          , Ds          , Rd          , Rd          , Rd          , Rd          , Gg          , Gg          , Gg          , Gg          , Gg          , Gg          , Gg          , Rd          , Rd          , Gs          , Gs          , Ss          , Ww          , Ss          , Gs^Ft       , Gs          , Ds          , Ds          , Dd          , Gs^Fdw      , Gs^Fdw      , Gg          , Gg          , Gs^Fdw      , Gg          , Gs^Fp       , Gs^Fp       , Gg^Efm      , Ce          , Ce          , Ce          , Gs^Fp       , Gs^Fmf      , Gs^Fp       , Gs^Fp       
Ds          , Ds          , Ds          , Ds          , Ds          , Ds          , Ww          , Ds          , Ww          , Ds          , Ww          , Ds          , Ds          , Ds          , Ds          , Rd          , Rd          , Rd          , Rd          , Gg          , Rd          , Rd          , Gs          , Gs          , Ss          , Gs          , Ss          , Ww          , Ss          , Gs^Ft       , Gs          , Gs          , Ds          , Ds          , Ds          , Gs^Fdw      , Ds          , Gg          , Gg          , Gs^Fmw      , Gs^Fp       , Gs^Fmf      , Gs^Fmf      , Gg^Efmy     , Gs^Fp       , Gs^Fp       , Gs^Fp       , Gs^Fp       , Gs^Fmf      , Gs^Fp       
Ds          , Dd^Dc       , Ds          , Ds          , Ss          , Ww          , Ss          , Ww          , Ss          , Ww          , Ss          , Ww          , Ss          , Dd          , Dd          , Ds          , Ds          , Ds          , Ds          , Rd          , Ds          , Gs          , Rp^Vhcr     , Gs          , Gs          , Ss          , Ww          , Ww          , Ss          , Gs^Vht      , Gs          , Gs          , Ds          , Ds          , Ds          , Ds          , Ds          , Gg          , Gg          , Gs^Fmw      , Gs^Fmw      , Gs^Fp       , Gg^Efm      , Gg^Efmy     , Gs^Fp       , Gg          , Gg          , Gs^Fp       , Gg^Ve       , Gs^Fp       
Ss          , Ds          , Ss          , Ss          , Rp          , Ch          , Rp          , Ss          , Rp          , Ch          , Rp          , Ss          , Rp          , Ch          , Gs^Ft       , Dd          , Dd          , Ch          , Ds          , Ds          , Gs          , Gs          , Gs          , Gs          , Ss          , Ss          , Ww          , Ss          , Gs          , Gs          , Gs          , Ds          , Ds          , Gs          , Ds          , Ds          , Dd^Vdt      , Ds          , Gg          , Gg          , Gg          , Gs^Fp       , Gg          , Gs^Fp       , Gs^Fmf      , Gs^Fmf      , Gg          , Gs^Fp       , Gs^Fp       , Gs^Fp       
Ss          , Ss          , Rp          , Rp          , Rp          , Rp          , Rp          , Rp          , Rp          , Rp          , Rp          , Rp          , Rp          , Rp          , Ds          , Ds          , Ds          , Ds          , Rp          , Ds          , Ds          , Ds          , Ds          , Gs          , Ss          , Gs^Ft       , Ww          , Ss          , Ds          , Gs          , Ds          , Ds          , Gs          , Gs          , Ds          , Dd^Vda      , Ds          , Ds          , Gg          , Gg          , Gs^Fdw      , Gs^Fmw      , Gg          , Gs^Fp       , Gs^Fp       , Gs^Fmf      , Gs^Fmf      , Gs^Fp       , Gs^Fp       , Gs^Fp       
Ss          , Ch          , Rp          , Rp          , Rp          , Rp          , Rp          , Rp          , Rp          , Rp          , Ce          , Ce          , Ce          , Rp          , Ds          , Rp^Vhcr     , Ds          , Ds          , Rp          , Ds          , Ds          , Ch          , Rp          , Gs          , Gs^Ft       , Gs^Ft       , Ww          , Gs^Ft       , Ds          , Ds          , Ds          , Ds          , Ds          , Gs          , Gs          , Ds          , Gs          , Ds          , Gg          , Gg          , Gg          , Gs^Fmw      , Gs^Fp       , Gs^Fp       , Gs^Fp       , Gs^Fp       , Gs^Fp       , Gs^Fmf      , Gs^Fp       , Gs^Fp       
Ds          , Rp          , Rp          , Rp          , Ds          , Ds          , Ds          , Rp          , Rp          , Rp          , Ce          , 6 Ke        , Ce          , Rp          , Rp          , Ds          , Ds          , Rp          , Ds          , Ds          , Dd          , Ds          , Rp          , Ds          , Gs^Ft       , Gs^Ft       , Ww          , Gs^Ft       , Gs^Ft       , Gs^Ft       , Gs          , Gs          , Gs          , Gs          , Gs          , Gs          , Gs          , Ds          , Gg          , Gg          , Gs^Fmw      , Gs^Fmw      , Gs^Fp       , Gs^Fp       , Gg^Ve       , Gs^Fp       , Gs^Fms      , Gs^Fmf      , Gs^Fp       , Gg          
Ds          , Rp          , Rp          , Rp          , Ds          , Rp^Vhcr     , Ds          , Ds          , Rp          , Rp          , Rp          , Ce          , Rp          , Rp          , Ds          , Ds          , Ds          , Rp          , Ds          , Dd          , Rp^Vhcr     , Dd          , Ds          , Ds          , Ds          , Gs^Ft       , Ww          , Gs^Ft       , Ds          , Gs^Ft       , Ds          , Gs          , Gs          , Gs          , Ds          , Gs          , Gs          , Gg          , Gg          , Gg          , Gg          , Gs^Fp       , Gs^Fmw      , Gs^Fp       , Gs^Fms      , Gs^Fp       , Gs^Fp       , Gs^Fmf      , Gs^Fp       , Gg          
Ss          , Rp          , Rp          , Ds          , Rp          , Ds          , Rp          , Rp          , Ds          , Ds          , Ds          , Rp          , Ds          , Rp          , Ds          , Ds          , Rp          , Ds          , Ds          , Ds          , Ds          , Ds          , Ds          , Ch          , Ds          , Gs^Ft       , Ww          , Ds          , Dd^Vhc      , Ds          , Hd          , Ds          , Ds          , Ds          , Ds          , Gs          , Gs^Fdw      , Gg          , Gg          , Gs^Fdw      , Gs^Fp       , Gg^Efm      , Gg^Efmy     , Gs^Fmw      , Gs^Fp       , Gs^Fms      , Gs^Fp       , Gs^Fmf      , Gs^Fmf      , Gs^Fp       
Ss          , Rp          , Rp          , Rp          , Rp          , Rp          , Ch          , Rp          , Rp          , Ds          , Ds          , Ds          , Rp^Vhcr     , Ds          , Ds          , Ds          , Ds          , Ds          , Ce          , Ce          , Ce          , Ds          , Ds          , Ds          , Ds          , Ww          , Gs^Ft       , Ds          , Ds          , Ds          , Hd          , Ds          , Gs          , Ds          , Gs          , Gs^Fdw      , Gg          , Gg          , Gg^Vc       , Gg          , Gs^Fmw      , Gs^Fmw      , Gs^Fmw      , Gs^Fmw      , Gs^Fmw      , Gs^Fp       , Gs^Fp       , Gs^Fp       , Gs^Fp       , Gs^Fmf      
Ss          , Rp          , Rp          , Rp          , Rp          , Ch          , 5 Kh        , Ch          , Rp          , Ds          , Rp          , Ds          , Ds          , Ds          , Rp          , Rp          , Ds          , Ds          , Ce          , 4 Ke        , Ce          , Ds          , Ds          , Ds          , Ds          , Ww          , Gs^Ft       , Ds          , Gs^Ft       , Ds          , Gs^Ft       , Gs^Ft       , Gs          , Gs          , Gs^Fdw      , Gg          , Re^Gvs      , Re^Gvs      , Gg          , Gg          , Gs^Fdw      , Gs^Fp       , Gg^Efmy     , Gs^Fp       , Gs^Fp       , Gg^Efmy     , Ce          , Gg^Ve       , Gs^Fp       , Gg^Efmy     
Ss          , Ss          , Rp          , Rp          , Rp          , Ch          , Ch          , Ch          , Rp          , Rp          , Ds          , Ds          , Ds          , Ds          , Rp          , Ds          , Rp          , Ds          , Ds          , Ce          , Ds          , Ds          , Ds          , Ds          , Ss          , Ww          , Gs^Ft       , Gs^Ft       , Gs^Ft       , Gs          , Gs          , Gs          , Gs          , Gs          , Gs          , Gg          , Gg          , Re^Gvs      , Gg          , Gg          , Gs^Fmw      , Gs^Fp       , Gg^Efmy     , Gs^Fp       , Gs^Fp       , Ce          , 2 Ke        , Ce          , Gg^Efmy     , Gs^Fp       
Ds          , Ss          , Rp          , Rp          , Rp          , Rp          , Rp          , Rp          , Rp          , Ds          , Rp          , Dd          , Ds          , Ds          , Ds          , Ds          , Ds          , Dd          , Ds          , Ds          , Ds          , Ds          , Ds          , Ch          , Ss          , Ww          , Gs^Ft       , Ds          , Ds          , Gs^Ft       , Gs          , Gs          , Ds          , Gs          , Ds          , Ds          , Ds          , Gg          , Gg          , Gg          , Gg          , Gs^Fp       , Gs^Fp       , Gs^Fp       , Gs^Fp       , Ce          , Ce          , Ce          , Gg^Efm      , Gg^Efm      
Ds          , Xos         , Uu          , Rp          , Rp          , Rp          , Rp          , Rp          , Rp          , Rp          , Rp          , Ds          , Ds          , Ch          , Ds          , Ds          , Rp^Vhcr     , Dd          , Rp^Vhcr     , Ds          , Rp^Vhcr     , Ds          , Ds          , Gs^Ft       , Ww          , Ww          , Dd^Vhc      , Ds          , Ds          , Ds          , Gs          , Gs          , Ds          , Ds          , Ds          , Dd^Vc       , Ds          , Gg          , Gg          , Gg          , Gg          , Gs^Fmw      , Gg          , Gg          , Gs^Fms      , Gs^Fp       , Gs^Fp       , Gs^Fms      , Gg          , Gs^Fp       
Ds          , Xos         , Uu^Uf       , Rp          , Uu          , Rp          , Rp          , Rp          , Ch          , Ch          , Ch          , Rp          , Rp          , Ds          , Ds          , Ds          , Ds          , Ds          , Ds          , Ds          , Ds          , Ds          , Ds          , Gs^Ft       , Ww          , Gs^Ft       , Gs^Ft       , Ds          , Gs          , Gs          , Gs          , Ds          , Dd^Dc       , Ds          , Ds          , Ds          , Gs^Fdw      , Gg          , Gg          , Gg^Wm       , Gg          , Gg          , Gg          , Gs^Fmw      , Gs^Fmw      , Gs^Fms      , Gg^Efm      , Gs^Fms      , Gs^Fp       , Gs^Fp       
Ds          , Xos         , Uu          , Uu          , Uu          , Uu          , Rp          , Rp          , Chr         , 3 Kh        , Ch          , Rp          , Ds          , Ds          , Ds          , Ds          , Ds          , Ds          , Ds          , Ds          , Ds          , Ds          , Gs^Ft       , Gs^Ft       , Ww          , Gs^Ft       , Ds          , Ds          , Gs          , Gs          , Ds          , Ds          , Ds          , Dd          , Gs^Fdw      , Gs^Fdw      , Gg          , Gg          , Ds          , Gg          , Gg          , Gg          , Re^Gvs      , Gg          , Gg          , Gg          , Gg          , Gs^Fms      , Gs^Fp       , Gs^Fp       
Ds          , Xos         , Uu^Uf       , Uu          , Uu          , Uu          , Rp          , Rp          , Rp          , Ch          , Rp          , Rp          , Ds          , Ds          , Ds          , Ds          , Ds          , Rp^Vhcr     , Ds          , Ds          , Xos         , Xos         , Gs^Ft       , Ww          , Gs^Ft       , Gs^Ft       , Ds          , Ds          , Gs          , Ds          , Ds          , Dd^Vda      , Ds          , Dd          , Ds          , Gs^Fdw      , Gs^Fdw      , Gs^Fdw      , Ds          , Ds          , Gg          , Gg          , Gg          , Re^Gvs      , Gg          , Gg          , Gg          , Gs^Fmw      , Gg          , Gs^Fp       
Ds          , Xos         , Xos         , Uu          , Uu^Uf       , Rp          , Rp          , Rp          , Rp          , Rp          , Rp          , Rp          , Rp          , Rp          , Rp          , Ds          , Ds          , Ds          , Xos         , Xos         , Ds          , Gs^Ft       , Gs^Ft       , Ww          , Gs^Ft       , Ds          , Ds          , Gs          , Gs          , Ds          , Gs          , Ds          , Ds          , Ds          , Ds          , Gs^Fdw      , Ds          , Ds          , Dd^Vc       , Ds          , Ds          , Ds          , Ds          , Gg          , Gg          , Gg^Vc       , Gg          , Gg          , Gs^Fmw      , Gs^Fmw      
Ds          , Ds          , Ds          , Xos         , Xos         , Uu          , Rp          , Ch          , Rp          , Rp          , Ds          , Rp          , Rp          , Ch          , Rp          , Ds          , Xos         , Xos         , Ds          , Ds          , Gs^Ft       , Gs^Ft       , Ww          , Ww          , Gs^Ft       , Dd^Vhc      , Ds          , Ds          , Gs          , Gs          , Gs          , Ds          , Ds          , Gs          , Gs          , Gs          , Gs          , Ds          , Ds          , Ds          , Ds          , Ds          , Gs          , Ds          , Gs^Fdw      , Gg          , Gg          , Gg          , Gg          , Gs^Fmw      
Ds          , Ds          , Ds          , Ds          , Ds          , Rp          , Rp          , Rp          , Rp          , Ds          , Ds          , Rp          , Rp          , Rp          , Ds          , Ds          , Ds          , Ds          , Ds          , Gs^Ft       , Gs^Ft       , Gs^Ft       , Ww          , Gs^Ft       , Ds          , Ds          , Ds          , Ds          , Ds          , Ds          , Ds          , Gs          , Gs          , Gs          , Gs          , Gs          , Ds          , Ds          , Gs          , Gs          , Gs          , Gs          , Gs          , Gs          , Gs^Fdw      , Gs^Fdw      , Gs^Fdw      , Gg          , Gg          , Gg          
