border_size=1
usage=map

Xu          , Xu          , Xu          , Xu          , Xu          , Xu          , Xu          , Xuc         , Xuc         , Xu          , Xu          , Xu          , Xu          , Xu          , Xu          , Xu          , Xu          , Xu          , Xu          , Xu          , Xu          , Xu          , Xu          , Xu          , Xu          , Xu          , Xu          , Xu          , Xu          , Xu          , Xu          , Xu          , Xu          , Xu          , Xu          , Xu          , Xu          , Xu          
Xu          , Cud         , Cud         , Cud         , Cud         , Cud         , Qxu         , Qxu         , Qxu         , Cud         , Cud         , Qxu         , Qxu         , Qxu         , Qxu         , Qxu         , Qxu         , Qxu         , Qxu         , Qxu         , Qxu         , Qxu         , Qxu         , Xos         , Qxu         , Qxu         , Qxu         , Qxu         , Qxu         , Xu          , Qxu         , Xu          , Uu          , Xu          , Xu          , Xu          , Xu          , Xu          
Xu          , Cud         , Cud         , Cud         , Cud         , Cud         , Cud         , Qxu         , Qxu         , Qxu         , Cud         , Cud         , Cud         , Cud         , Cud         , Cud         , Cud         , Cud         , Cud         , Cud         , Cud         , Qxu         , Qxu         , Xos         , Qxu         , Qxu         , Uu          , Qxu         , Uu          , Qxu         , Uu          , Uu          , Uu          , Uu          , Uu          , Uu          , Uu          , Xu          
Xu          , Cud         , Cud         , Uu^Vhcr     , Cud         , Cud         , Cud         , Qxu         , Qxu         , Cud         , Cud         , Rr^Vd       , Rr          , Rr          , Rr          , Rr          , Rr          , Rr          , Rr          , Rr^Vd       , Cud         , Qxu         , Qxu         , Xos         , Qxu         , Qxu         , Uu          , Uu          , Uu^Uf       , Uu          , Uu          , Uu          , Uu          , Uu          , Re          , Re          , Uu          , Xu          
Xu          , Cud         , Cud         , Cud         , Cud         , Cud         , Gd^Fdf      , Qxu         , Wwg         , Cud         , Cud         , Rr          , Rr          , Rr          , Cud         , Gs^Fdf      , Cud         , Rr          , Rr          , Rr          , Rr          , Cud         , Qxu         , Xos         , Qxu         , Qxu         , Ss          , Uu^Uf       , Uu^Uf       , Uu^Uf       , Uu          , Uu          , 1 Uu        , Re          , Re          , Uu          , Uu          , Xu          
Xu          , Cud         , Cud         , Cud         , Cud         , Gs^Fdf      , Xos         , Xos         , Xos         , Wog         , Ss          , Rr          , Rr          , Cud         , Gs^Fdf      , Gs^Fdf      , Gs^Fdf      , Cud         , Cud         , Rr          , Rr          , Cud         , Qxu         , Xos         , Qxu         , Ss          , Ss          , Ss          , Ss^Vhs      , Ss          , Uu          , Uu          , Re          , Re          , Uu          , Uu          , Uu          , Xu          
Xu          , Cud         , Cud         , Qxu         , Cud         , Gs^Fdf      , Xos         , Xos         , Xos         , Wog         , Ss          , Rr          , Rr          , Cud         , Cud         , Cud         , Cud         , Cud         , Rr          , Rr          , Rr          , Cud         , Qxu         , Xos         , Xos         , Ss          , Uu          , Ss          , Ss          , Ss          , Uu          , Re          , Re          , Uu          , Qxu         , Qxu         , Ss          , Xu          
Xuc         , Cud         , Cud         , Cud         , Cud         , Gs^Fdf      , Gs^Fdf      , Xos         , Wog         , Wog         , Cud         , Rr          , Rr          , Rr          , Rr          , Rr^Vd       , Rr          , Rr          , Rr          , Rr          , Rr          , Cud         , Uu          , Qxu         , Qxu         , Xos         , Uu          , Uu          , Uu          , Uu          , Re          , Re          , Uu          , Uu          , Qxu         , Ss          , Ss          , Xu          
Xuc         , Cud         , Cud         , Cud         , Cud         , Cud         , Wog         , Wog         , Cud         , Cud         , Qxu         , Cud         , Cud         , Rr          , Rr          , Rr          , Rr          , Rr          , Uu          , Rr          , Rr          , Rr          , Rr          , Uu^Vhcr     , Uu          , Xos         , Rr          , Uu          , Uu          , Re          , Re          , Uu          , Uu          , Qxu         , Qxu         , Qxu         , Ss          , Xu          
Xuc         , Cud         , Cud         , Uu^Vhcr     , Cud         , Cud         , Wog         , Wog         , Cud         , Cud         , Cud         , Cud         , Rr          , Rr          , Rr          , Rr          , Uu          , Rr          , Uu          , Uu          , Cud         , Rr          , Rr          , Rr          , Rr          , Xos         , Rr          , Uu          , Re          , Re          , Uu          , Uu          , Qxu         , Qxu         , Qxu         , Ss          , Ss          , Xu          
Xuc         , Cud         , Cud         , Cud         , Cud         , Cud         , Wwg         , Ss          , Rr          , Rr          , Rr          , Rr          , Rr          , Rr          , Rr          , Uu          , Qxu         , Uu          , Uu          , Cud         , 2 Kud       , Cud         , Rr          , Rr          , Rr          , Xos         , Rr          , Rr          , Rr          , Uu          , Rr          , Uu          , Uu          , Uu          , Ss          , Qxu         , Ss          , Xu          
Wog         , Wog         , Wog         , Wog         , Wog         , Wwg         , Ss          , Ss          , Ss          , Rr          , Ss          , Rr          , Rr          , Rr          , Uu          , Uu          , Uu          , Qxu         , Uu          , Cud         , Cud         , Cud         , Uu          , Rr          , Rr          , Xos         , Rr          , Rr          , Rr          , Rr          , Rr          , Uu          , Xos         , Xos         , Xos         , Ss          , Ss          , Xu          
Wog         , Wog         , Qxu         , Wog         , Qxu         , Ss          , Ss          , Qxu         , Qxu         , Ss          , Ss^Vm       , Ss          , Ss          , Ss          , Ss          , Sm          , Sm          , Uu          , Uu          , Uu          , Uu          , Uu          , Rr          , Rr          , Rr          , Xos         , Rr          , Rr          , Xos         , Rr          , Xol         , Xos         , Ss          , Ss          , Ss          , Xol         , Xol         , Xu          
Xu          , Qxu         , Qxu         , Qxu         , Qxu         , Ss          , Ss          , Ss          , Ss          , Ss          , Ss          , Ss          , Ss          , Ss          , Ss          , Sm          , Sm          , Uu          , Uh          , Uu          , Qxu         , Uu          , Uu^Vu       , Rr          , Rr          , Xos         , Rr          , Rr          , Rr          , Xol         , Rr          , Rr          , Rr          , Rr          , Rr          , Rr          , Rr          , Xu          
Xu          , Xos         , Xol         , Xos         , Xos         , Xos         , Xos         , Xos         , Xos         , Xos         , Xos         , Xos         , Xos         , Xos         , Xos         , Xos         , Xos         , Sm          , Sm          , Uu          , Uu          , Uu          , Uu          , Rr          , Rr          , Xos         , Rr          , Rr          , Rr          , Rr          , Rr          , Rr          , Rr          , Rr          , Rr          , Rr          , Rr          , Xu          
Xu          , Xol         , Cud         , Cud         , Cud         , Ss          , Ss          , Cud         , Uu          , Ss          , Ss          , Ss          , Ss^Vhs      , Cud         , Ss          , Ss          , Rr          , Rr          , Uu          , Uu          , Cud         , Uu          , Uu          , Rr          , Rr          , Xos         , Xos         , Rr          , Rr          , Rr          , Rr          , Rr          , Xos         , Xos         , Rr          , Rr          , Rr          , Xu          
Xu          , Cud         , Urb         , Cud         , Uu          , Ss          , Rr          , Cud         , Uu          , Uu^Uf       , Gd^Fdf      , Ss          , Uu          , Cud         , Rr          , Rr          , Rr          , Uu          , Uu          , Cud         , 3 Kud       , Cud         , Uu          , Uu          , Rr          , Xos         , Rr          , Xol         , Xol         , Rr          , Xol         , Xol         , Rr          , Xos         , Rr          , Rr          , Rr          , Xu          
Xu          , Cud         , Cud         , Cud         , Rr          , Rr          , Rr          , Rr          , Uu^Vu       , Uu          , Uu          , Uu          , Uu^Uf       , Uu          , Uu          , Uu          , Uu          , Rr          , Rr          , Cud         , Cud         , Cud         , Uu          , Rr          , Uu          , Xos         , Rr          , Rr          , Rr          , Xos         , Rr          , Rr          , Rr          , Xos         , Rr          , Rr          , Rr          , Xu          
Xu          , Cud         , Uu^Vu       , Uu          , Rr          , Rr          , Rr          , Rr          , Rr          , Rr          , Rr          , Uu          , Uu          , Uu          , Rr          , Uu^Vhcr     , Rr          , Rr          , Rr          , Uu          , Uu          , Uu          , Qxu         , Uu          , Qxu         , Xos         , Rr          , Cud         , Rr          , Rr^Vd       , Rr          , Cud         , Rr          , Xos         , Rr          , Rr          , Rr          , Xu          
Xu          , Cud         , Rr          , Uu          , Uu          , Rr          , Uu          , Rr          , Rr          , Rr          , Rr          , Rr          , Rr          , Rr          , Rr          , Rr          , Rr          , Rr          , Uu^Uf       , Rr          , Uu          , Uu          , Qxu         , Qxu         , Xos         , Xos         , Ss          , Rr          , Cud         , Kud         , Cud         , Rr          , Ss          , Xos         , Rr          , Rr          , Rr          , Xu          
Xu          , Cud         , Rr          , Rr          , Rr          , Rr          , Uu^Uf       , Uu          , Uu          , Uu          , Ss          , Ss          , Ss          , Gd^Fdf      , Uu          , Cud         , Uu          , Uu          , Sm          , Sm          , Sm          , Qxu         , Xos         , Xos         , Ss          , Xos         , Xos         , Ss          , Xos         , Xos         , Xos         , Ss          , Xol         , Xos         , Rr          , Rr          , Rr          , Xu          
Xu          , Rr          , Rr          , Rr          , Xos         , Xos         , Xos         , Xos         , Xos         , Ss          , Ss          , Ss^Vhhr     , Ss          , Uu          , Xos         , Uu          , Xos         , Xos         , Xol         , Xos         , Xos         , Xos         , Ss          , Ss          , Ss          , Ss          , Xos         , Xos         , Ss          , Ss          , Ss          , Xol         , Rr          , Rr          , Rr          , Rr          , Rr          , Xu          
Xu          , Rr          , Xos         , Xos         , Xos         , Xos         , Uu          , Uu          , Uu          , Xos         , Xos         , Ss          , Xos         , Xol         , Ss          , Xol         , Ss          , Ss          , Ss          , Ss          , Ss          , Ss          , Ss          , Ss          , Ss          , Ss          , Xos         , Ss          , Ss^Vhs      , Ss          , Rr          , Rr          , Rr          , Rr          , Rr          , Rr          , Xu          , Xu          
Xu          , Xu          , Xos         , Xos         , Rr          , Rr          , Uu          , Uu^Vu       , Uu          , Uu          , Uu          , Xos         , Ss          , Ss          , Rr          , Ss          , Ss          , Ss          , Ss          , Ss          , Ss          , Ss          , Ss          , Ss          , Ss          , Ss          , Xos         , Ss          , Ss          , Ss          , Rr          , Rr          , Rr          , Rr          , Rr          , Rr          , Xu          , Xu          
Xu          , Xu          , Rr          , Rr          , Rr          , Rr          , Rr          , Rr          , Rr          , Uu          , Ss          , Ss          , Ss          , Ss          , Ss          , Rr          , Rr          , Rr          , Rr^Vhcr     , Gd^Fdf      , Ss          , Ss          , Ss          , Ss          , Ss          , Ss          , Xos         , Qxu         , Qxu         , Rr          , Rr          , Rr          , Rr          , Rr          , Cud         , Cud         , Cud         , Xu          
Xu          , Ss          , Ss          , Rr          , Rr          , Rr          , Rr          , Rr          , Rr          , Rr          , Rr          , Rr          , Rr          , Rr          , Rr          , Rr          , Ss          , Rr          , Ss          , Ss          , Ss          , Ss          , Ss          , Ss          , Ss          , Ss          , Xos         , Qxu         , Rr          , Rr          , Rr          , Rr          , Rr          , Rr          , Cud         , Uu^Vhcr     , Cud         , Xu          
Xu          , Ss          , Rr          , Rr          , Ce          , Ce          , Ce          , Ss          , Ss          , Ss          , Ss          , Ss          , Ss          , Ss          , Ss          , Ss          , Ss          , Ss          , Ss          , Ss          , Ss          , Ss          , Ss          , Ss          , Qxu         , Qxu         , Xos         , Qxu         , Ss          , Rr          , Rr          , Rr          , Cud         , Rr          , Rr          , Cud         , Rr          , Xu          
Xu          , Ss          , Ss          , Ss          , Ce          , 4 Ke        , Ce          , Ss          , Ss          , Xos         , Xos         , Ss          , Ss          , Ss^Vhs      , Ss          , Ss          , Xos         , Xos         , Xol         , Xos         , Xos         , Ss          , Qxu         , Qxu         , Qxu         , Qxu         , Xos         , Ss          , Ss^Vhs      , Rr          , Rr          , Rr          , Cud         , 5 Kud       , Rr          , Rr^Vhcr     , Rr          , Xu          
Xu          , Ss          , Rr          , Ss          , Rr          , Ce          , Rr          , Uu          , Uu^Vu       , Uu          , Ss          , Xos         , Xol         , Ss          , Xol         , Xos         , Ss          , Ss          , Ss          , Ss          , Qxu         , Xos         , Xos         , Qxu         , Xol         , Xos         , Ss          , Ss          , Rr          , Rr          , Rr          , Rr          , Cud         , Uu          , Cud         , Cud         , Cud         , Xu          
Xu          , Ss          , Ss          , Rr          , Rr          , Rr          , Rr          , Uu          , Uu          , Uu          , Ss          , Ss          , Gd^Fdf      , Xos         , Gd^Fdf      , Ss          , Ss          , Ss^Vhs      , Ss          , Ss          , Qxu         , Qxu         , Ss          , Xos         , Ss          , Ss          , Ss          , Ss          , Rr          , Rr          , Rr          , Rr          , Cud         , Uu          , Cud         , Uu^Vhcr     , Cud         , Xu          
Xu          , Ss          , Ss          , Rr          , Rr          , Rr          , Rr          , Rr          , Rr          , Uu^Uf       , Rr          , Rr          , Rr          , Gd^Fdf      , Rr          , Ss          , Rr          , Ss          , Ss          , Qxu         , Ss          , Ss          , Ss          , Ss          , Rr          , Rr          , Rr          , Rr          , Rr          , Rr          , Rr          , Cud         , Cud         , Uu          , Uu          , Cud         , Uu          , Xu          
Xu          , Ss          , Ss          , Uu          , Rr          , Rr          , Rr          , Rr          , Rr          , Rr          , Rr          , Rr          , Rr          , Rr          , Rr          , Rr          , Rr          , Rr          , Rr          , Ss          , Rr          , Ss          , Rr          , Rr          , Rr          , Rr          , Rr          , Rr          , Rr          , Rr          , Uu^Uf       , Uu          , Uu          , Uu          , Qxu         , Uu          , Uu          , Xu          
Xu          , Uu^Uf       , Uu          , Uu          , Uu          , Rr          , Rr          , Rr          , Rr          , Rr          , Rr          , Rr          , Uu          , Rr          , Rr          , Rr          , Rr          , Rr          , Rr          , Rr          , Rr          , Rr          , Rr          , Rr          , Rr          , Rr          , Uu          , Rr          , Uu          , Uu          , Uu          , Uu          , Qxu         , Uu          , Qxu         , Qxu         , Qxu         , Xu          
Xu          , Uu          , Uu          , Uu^Vu       , Uu          , Rr          , Uu          , Rr          , Sm          , Sm          , Uu          , Uu          , Uu^Vhcr     , Uu          , Uu          , Uu^Uf       , Uu          , Rr          , Rr          , Rr          , Rr          , Rr          , Rr          , Rr          , Uu          , Uu          , Uu^Vhcr     , Uu          , Uu          , Qxu         , Qxu         , Qxu         , Uu          , Qxu         , Uu^Vu       , Qxu         , Qxu         , Xu          
Xu          , Uh          , Uh          , Uu          , Uh          , Uu          , Xu          , Sm          , Xu          , Sm          , Xu          , Uu          , Uu          , Uu          , Uu          , Uu          , Uu          , Uu          , Uu          , Uu          , Uu^Uf       , Uu          , Uu          , Uu          , Uu          , Uu          , Qxu         , Uu          , Qxu         , Qxu         , Qxu         , Uu          , Qxu         , Uu          , Qxu         , Qxu         , Xuc         , Xu          
Xu          , Xu          , Xu          , Xu          , Xu          , Xu          , Xu          , Xu          , Xu          , Xu          , Xu          , Uu          , Xu          , Uh          , Xu          , Uu          , Xu          , Uu          , Xu          , Uu          , Xu          , Uu          , Xu          , Uh          , Xu          , Xu          , Xu          , Qxu         , Xu          , Qxu         , Xu          , Qxu         , Xuc         , Qxu         , Xu          , Qxu         , Xu          , Xu          
Xuc         , Xuc         , Xuc         , Xuc         , Xuc         , Xuc         , Xuc         , Xuc         , Xuc         , Xuc         , Xuc         , Xuc         , Xuc         , Xuc         , Xuc         , Xuc         , Xuc         , Xuc         , Xuc         , Xuc         , Xuc         , Xuc         , Xuc         , Xuc         , Xuc         , Xuc         , Xuc         , Xuc         , Xuc         , Xuc         , Xuc         , Xuc         , Xuc         , Xuc         , Xuc         , Xuc         , Xuc         , Xuc         
